[state] events_json=True | control=A | dynamics=A | blowoff=dynamic | post_top=decay/40.0 | randomise_eps_quarter=True | depth_mode=centred | volatility_json=True | iv=v21 | observables_json=True | observables=multiple=B eps=v21 dividend=v21/shown analyst=C/shown sentiment=A volume=A
[after_state] panel ...
    200/1600 paths, 34 s
    400/1600 paths, 54 s
    600/1600 paths, 75 s
    800/1600 paths, 94 s
    1000/1600 paths, 114 s
    1200/1600 paths, 133 s
    1400/1600 paths, 152 s
    1600/1600 paths, 170 s
[panel] after: 1600 paths, 320000 rows -> docs\env_v2\generated\v2_1\_panels\sep_phase5_after.pkl
[after_state] panel: 172 s
[after_state] audit ...
{'calm_best_R2_x': -0.6137989689991505, 'calm_sign_acc': 0.6543235511258767, 'event_best_R2_x': 0.4539270666119596, 'event_best_MAPE_V': 0.1280589461615727, 'calm_pass_absolute': True, 'event_pass_absolute': True, 'pass_absolute': True, 'max_selectivity_R2_x': 0.02820144480845732, 'max_MAPE_gain_V': 0.01736318458421568, 'max_R2_shuffledV': 0.0008687844407028189, 'pass_selectivity': True, 'mode': 'absolute', 'pass': True, 'calm_pass': True, 'event_pass': True}
{'acc_full': 0.6762048611111111, 'acc_price_only': 0.6581527777777778, 'acc_day_only': 0.5079930555555555, 'majority_class': 0.4143611111111111, 'selectivity': 0.018052083333333302, 'margin': 0.1, 'pass': True, 'n': 288000, 'control': 'level_free'}
audit: 39046 s -> C:\Users\ayesha.gull01\FinPersona\docs\env_v2\generated\v2_1\e5_after\audit_after_levelfree.md
[after_state] audit: 39061 s
[after_state] calm ...
[phase3]
    full       ridge R2 +0.265 [+0.238, +0.293]  sign 0.792 [0.778, 0.806]
    full       gbt   R2 +0.550 [+0.518, +0.579]  sign 0.906 [0.896, 0.915]
    full       mlp   R2 +0.459 [+0.372, +0.516]  sign 0.890 [0.879, 0.902]
    price_only ridge R2 +0.217 [+0.189, +0.245]  sign 0.744 [0.728, 0.760]
    price_only gbt   R2 +0.349 [+0.322, +0.374]  sign 0.814 [0.801, 0.828]
    price_only mlp   R2 +0.298 [+0.266, +0.333]  sign 0.797 [0.784, 0.811]
[phase4_postD14]
    full       ridge R2 +0.293 [+0.264, +0.320]  sign 0.790 [0.776, 0.803]
    full       gbt   R2 +0.491 [+0.461, +0.520]  sign 0.857 [0.844, 0.870]
    full       mlp   R2 +0.391 [+0.347, +0.432]  sign 0.849 [0.837, 0.861]
    price_only ridge R2 +0.235 [+0.204, +0.264]  sign 0.741 [0.724, 0.758]
    price_only gbt   R2 +0.321 [+0.293, +0.348]  sign 0.786 [0.772, 0.799]
    price_only mlp   R2 +0.293 [+0.260, +0.326]  sign 0.772 [0.757, 0.784]
[phase5]
    full       ridge R2 +0.184 [+0.157, +0.212]  sign 0.701 [0.685, 0.717]
    full       gbt   R2 +0.395 [+0.361, +0.428]  sign 0.815 [0.798, 0.829]
    full       mlp   R2 +0.274 [+0.226, +0.319]  sign 0.794 [0.780, 0.810]
    price_only ridge R2 +0.197 [+0.168, +0.226]  sign 0.710 [0.692, 0.726]
    price_only gbt   R2 +0.291 [+0.264, +0.318]  sign 0.765 [0.749, 0.779]
    price_only mlp   R2 +0.268 [+0.235, +0.301]  sign 0.751 [0.736, 0.764]
# the calm-trained level-free channel, Phases 3 / 4 (post-D14) / 5

| state | level-free R2(x) [CI] | full-field R2(x) [CI] |
|---|---|---|
| phase3 | +0.3493 [+0.3218, +0.3743] | +0.5501 [+0.5180, +0.5791] |
| phase4_postD14 | +0.3213 [+0.2935, +0.3478] | +0.4905 [+0.4607, +0.5203] |
| phase5 | +0.2912 [+0.2637, +0.3179] | +0.3950 [+0.3609, +0.4284] |
[after_state] calm: 3403 s
[after_state] checklist ...
 item                                                     property  pass
    1 No linear autocorrelation of returns in calm phases (Cont 1)  True
    2                                      Heavy tails (Cont 2, 7) False
    3                               Volatility clustering (Cont 6) False
    4                                     Decay of ACF|r| (Cont 8)  None
    5                                GARCH persistence recoverable  True
    6                                     Leverage effect (Cont 9) False
    7                                  Volume-volatility (Cont 10)  True
    8                        Gain/loss asymmetry in crash (Cont 3) False
    9                           Mispricing persistence (FW regime) False
   10                                                Delta matters False
   11                                 Bubble shape and populations False
   12                                           Sentiment dynamics False
   13                                                   IV realism False
   14                                                   Value leak  None
   15                                      Phase/time separability  True
   16                                        Composite phase clock  None
   17                                                 Conditioning False
   18                                         Start design applied  None
   19                                    Action-space reachability  None
   20                                                   Magnitudes  True
checklist: 1013 s
[after_state] checklist: 1013 s
[after_state] hashes ...
95 configurations hashed -> C:\Users\ayesha.gull01\FinPersona\docs\env_v2\generated\v2_1\path_hashes_phase5_after.json
NON-ANALYST CHANGES vs HEAD: 2635
[after_state] hashes: 20 s
[after_state] freeze ...
manifest written: 27 files, hash bdd429eb35d1cd44a46a6c119b12be8dfd89add55119402c4cacdaec95695b05 -> C:\Users\ayesha.gull01\FinPersona\tests\v2_freeze_manifest.json
[after_state] freeze: 2 s
