[1/25] acf_ar1_phi0.6_lag1 (acf(r, 1))
  T=   200: median +0.58899  bias -0.01101  (11.8s)
  T= 20000: median +0.60004  bias +0.00004  (3.2s)
[2/25] acf_ar1_phi0.9_lag5 (acf(r, 5))
  T=   200: median +0.52226  bias -0.06823  (0.4s)
  T= 20000: median +0.59084  bias +0.00035  (6.0s)
[3/25] acf_ar1_engine_persistence_lag1 (acf(x, 1) on the engine's persistence)
  T=   200: median +0.94685  bias -0.02266  (0.8s)
  T= 20000: median +0.96945  bias -0.00005  (5.4s)
[4/25] half_life_ar1_engine (half-life from ACF(1))
  T=   200: median +12.69055  bias -9.69038  (0.8s)
  T= 20000: median +22.34342  bias -0.03751  (5.3s)
[5/25] sd_ar1_engine (sd(x))
  T=   200: median +3.34758  bias -0.73282  (0.6s)
  T= 20000: median +4.07358  bias -0.00681  (2.7s)
[6/25] acf_logvolume_ar1 (acf(log volume, 1))
  T=   200: median +0.63896  bias -0.01104  (0.5s)
  T= 20000: median +0.65008  bias +0.00008  (4.3s)
[7/25] kurtosis_t5 (scipy kurtosis (excess))
  T=   200: median +1.77172  bias -4.22828  (0.5s)
  T= 20000: median +4.37198  bias -1.62802  (0.8s)
[8/25] kurtosis_normal (scipy kurtosis (excess))
  T=   200: median -0.04954  bias -0.04954  (0.4s)
  T= 20000: median +0.00066  bias +0.00066  (0.6s)
[9/25] skew_normal (scipy skew)
  T=   200: median -0.00032  bias -0.00032  (0.3s)
  T= 20000: median -0.00077  bias -0.00077  (0.9s)
[10/25] hill_pareto_alpha3 (hill_index(r, 0.05))
  T=   200: median +3.17204  bias +0.17204  (0.3s)
  T= 20000: median +2.99921  bias -0.00079  (0.6s)
[11/25] hill_t4 (hill_index(r, 0.05))
  T=   200: median +3.21248  bias -0.78752  (0.3s)
  T= 20000: median +3.19777  bias -0.80223  (0.7s)
[12/25] garch_persistence (garch_fit -> alpha + beta)
  T=   200: median +0.96269  bias -0.01731  (5.3s)
  T= 20000: median +0.97967  bias -0.00033  (23.4s)
[13/25] garch_alpha (garch_fit -> alpha)
  T=   200: median +0.06495  bias -0.01505  (5.8s)
  T= 20000: median +0.07961  bias -0.00039  (33.7s)
[14/25] gjr_gamma (garch_fit(o=1) -> gamma)
  T=   200: median +0.09807  bias -0.00193  (8.1s)
  T= 20000: median +0.10048  bias +0.00048  (26.4s)
[15/25] leverage_corr_symmetric (corr(r_t, |r_t+1|))
  T=   200: median -0.00468  bias -0.00468  (0.8s)
  T= 20000: median -0.00001  bias -0.00001  (13.0s)
[16/25] leverage_corr_gjr (corr(r_t, |r_t+1|))
  T=   200: median -0.04032  bias +nan  (1.5s)
  T= 20000: median -0.04319  bias +nan  (10.4s)
[17/25] mdd_deterministic (mdd(price))
  T=   200: median -0.40000  bias +0.00000  (0.5s)
  T=  2000: median -0.40000  bias +0.00000  (0.4s)
[18/25] ljung_box_size_iid (ljung_box_p(r, 10) > 0.05)
  T=   200: rejection rate 0.0625  (1.6s)
  T= 20000: rejection rate 0.0575  (215.5s)
[19/25] ljung_box_power_ar1_015 (ljung_box_p(r, 10) < 0.05)
  T=   200: rejection rate 0.2725  (1.3s)
  T= 20000: rejection rate 1.0000  (187.3s)
[20/25] arch_lm_size_iid (arch_lm_p(r, 5) < 0.01)
  T=   200: rejection rate 0.0125  (0.8s)
  T= 20000: rejection rate 0.0075  (7.9s)
[21/25] arch_lm_power_garch (arch_lm_p(r, 5) < 0.01)
  T=   200: rejection rate 0.3400  (3.5s)
  T= 20000: rejection rate 1.0000  (36.1s)
[22/25] lb_abs_r_power_garch (ljung_box_p(|r|, 10) < 0.01)
  T=   200: rejection rate 0.4000  (3.8s)
  T= 20000: rejection rate 1.0000  (279.1s)
[23/25] shapiro_size_normal (shapiro(log v) < 0.01)
  T=   200: rejection rate 0.0150  (0.7s)
  T= 20000: rejection rate 0.0075  (3.1s)
[24/25] jarque_bera_size_normal (jarque_bera(r) < 0.05)
  T=   200: rejection rate 0.0425  (0.8s)
  T= 20000: rejection rate 0.0725  (2.0s)
[25/25] jarque_bera_power_t5 (jarque_bera(r) < 0.05)
  T=   200: rejection rate 0.8525  (0.8s)
  T= 20000: rejection rate 1.0000  (2.5s)
hill index vs tail depth (diagnostic)

17 pass / 3 fail / 5 reported (no closed form), 25 cases -> docs/env_v2/generated/v2_1/e6_9
