[state] events_json=True | control=A | dynamics=A | blowoff=dynamic | post_top=decay/40.0 | randomise_eps_quarter=True | depth_mode=centred | volatility_json=True | iv=v21 | observables_json=True | observables=multiple=B eps=v21 dividend=v21/shown analyst=C/shown sentiment=A volume=A
[panel] 4 scenarios x 100 seeds, groups ['base', 'l5', 'rules', 'scripted'], 5 workers
  flat 20/100 (53 s)
  flat 40/100 (97 s)
  flat 60/100 (137 s)
  flat 80/100 (176 s)
  flat 100/100 (213 s)
  flat: 3000000 rows -> C:\Users\ayesha.gull01\FinPersona\docs\env_v2\generated\v2_1\e7_panel\panel_flat.parquet (222 s)
  bull_trap 20/100 (47 s)
  bull_trap 40/100 (87 s)
  bull_trap 60/100 (132 s)
  bull_trap 80/100 (170 s)
  bull_trap 100/100 (204 s)
  bull_trap: 3000000 rows -> C:\Users\ayesha.gull01\FinPersona\docs\env_v2\generated\v2_1\e7_panel\panel_bull_trap.parquet (212 s)
  crash 20/100 (39 s)
  crash 40/100 (72 s)
  crash 60/100 (102 s)
  crash 80/100 (132 s)
  crash 100/100 (164 s)
  crash: 3000000 rows -> C:\Users\ayesha.gull01\FinPersona\docs\env_v2\generated\v2_1\e7_panel\panel_crash.parquet (169 s)
  sustained_bull 20/100 (38 s)
  sustained_bull 40/100 (69 s)
  sustained_bull 60/100 (100 s)
  sustained_bull 80/100 (130 s)
  sustained_bull 100/100 (162 s)
  sustained_bull: 3000000 rows -> C:\Users\ayesha.gull01\FinPersona\docs\env_v2\generated\v2_1\e7_panel\panel_sustained_bull.parquet (170 s)
[panel] -> C:\Users\ayesha.gull01\FinPersona\docs\env_v2\generated\v2_1\e7_panel (774 s)
                    policy          max         mean  size
        L5_full_level_free 9.974660e-17 4.490971e-17  5145
             L5_level_free 9.974660e-17 4.449897e-17  5145
               always_hold 9.714451e-17 3.989636e-17  5145
                   band_hi 9.974660e-17 4.265540e-17  5145
                   band_lo 9.974660e-17 3.923835e-17  5145
              constant_mix 9.714451e-17 4.351880e-17  5145
mandate_conditional_oracle 9.980081e-17 4.601528e-17  5145
              rule_analyst 9.974660e-17 4.287147e-17  5145
              rule_p_sma50 9.974660e-17 4.582276e-17  5145
                  rule_rsi 9.952976e-17 4.542934e-17  5145
[verify] 51450 comparisons, worst |phase7 - phase6| = 9.980e-17 -> IDENTICAL
