22:38:43 start confirm_e1_4
22:39:00 end confirm_e1_4 rc=0 17 s
22:39:00 start apply_e1_4
22:39:01 end apply_e1_4 rc=0 0 s
22:39:01 start e1_5
22:44:48 end e1_5 rc=0 347 s
22:44:48 start apply_e1_5
22:44:48 end apply_e1_5 rc=0 0 s
22:44:48 start s11_fixed
22:48:26 start e1_5
22:48:29 end e1_5 rc=1 3 s
22:49:26 start e1_5
23:22:36 end e1_5 rc=0 1991 s
23:22:36 start s11_fixed
23:23:32 end s11_fixed rc=1 56 s
23:25:58 start s11_fixed
23:42:10 end s11_fixed rc=0 972 s
23:42:10 start s11_A
23:55:18 end s11_A rc=0 788 s
23:55:18 start s11_B
00:01:47 end s11_B rc=0 388 s
00:01:47 start s11_C
00:08:25 end s11_C rc=0 398 s
00:08:25 start e1_1
00:08:25 end e1_1 rc=1 0 s
00:12:27 start e1_1
02:37:01 end e1_1 rc=0 8674 s
02:37:01 start sep_after
02:51:43 end sep_after rc=0 882 s
02:51:43 start audit_after_levelfree
02:52:50 start checklist_after
02:58:31 end checklist_after rc=0 341 s
02:58:31 start s15_after
02:59:08 end s15_after rc=0 37 s
02:59:08 start hashes_after
02:59:17 end hashes_after rc=0 9 s
02:59:18 start numbers
02:59:18 end numbers rc=0 0 s
02:59:18 start tests
03:00:11 end tests rc=1 53 s
12:09:02 start sep_after
12:35:08 end sep_after rc=0 1565 s
12:35:08 start hashes_after
12:35:22 end hashes_after rc=0 14 s
12:35:22 start numbers
12:35:22 end numbers rc=0 1 s
12:37:03 start audit_after_levelfree
13:07:51 start e1_3
14:30:30 end e1_3 rc=0 4959 s
14:30:30 start audit_before_levelfree
15:05:57 end audit_after_levelfree rc=0 8934 s
15:05:57 start audit_after_level
18:10:13 end audit_after_level rc=0 11056 s
18:10:13 start l5_after
18:29:49 end l5_after rc=0 1176 s
18:29:49 start numbers
18:29:49 end numbers rc=0 0 s
18:30:49 start audit_before_levelfree
22:03:06 end audit_before_levelfree rc=0 12736 s
22:03:06 start audit_before_level
23:19:35 end audit_before_level rc=0 4590 s
23:19:35 start l5_before
23:35:15 end l5_before rc=0 939 s
23:35:15 start numbers
23:35:15 end numbers rc=0 0 s
