set A: 417 names; running 417
[Parallel(n_jobs=4)]: Using backend LokyBackend with 4 concurrent workers.
[Parallel(n_jobs=4)]: Done  10 tasks      | elapsed:  1.2min
[Parallel(n_jobs=4)]: Done  64 tasks      | elapsed:  4.8min
[Parallel(n_jobs=4)]: Done 154 tasks      | elapsed:  9.1min
[Parallel(n_jobs=4)]: Done 280 tasks      | elapsed: 12.9min
[Parallel(n_jobs=4)]: Done 417 out of 417 | elapsed: 17.8min finished
12927 windows from 417 names in 1068s
{
 "n_names": 417,
 "n_windows": 12927,
 "n_errors": 0,
 "windows_per_name": {
  "min": 31,
  "median": 31.0,
  "max": 31
 },
 "sub_periods": {
  "2000-07": 4170,
  "2008-12": 2502,
  "2013-19": 3753,
  "2020-24": 2502
 }
}
-> docs/env_v2/generated/v2_1/e6_1
