[state] events_json=True | control=A | dynamics=A | blowoff=dynamic | post_top=decay/40.0 | randomise_eps_quarter=True | depth_mode=centred | volatility_json=True | iv=v21 | observables_json=False | observables=absent (v2 constants)
[panel] docs\env_v2\generated\v2_1\_panels\sep_phase4_after.pkl: 320000 rows -> 288000 modelled, 1600 paths; shown 18 fields; groups ['LEVELS', 'VAL', 'ANALYST', 'SENT', 'VOL', 'IV']; BASE 45 cols, FULL 135
[fits] 40 jobs on 3 workers
    BASE+SENT      x     all  perm0  R2 +0.4098  (113.1 s)
    BASE+SENT      x     all  perm1  R2 +0.4119  (113.0 s)
    BASE+SENT      x     all  perm2  R2 +0.4109  (112.8 s)
    BASE+SENT      x     all  perm3  R2 +0.4102  (93.0 s)
    BASE+SENT      x     all  perm4  R2 +0.4103  (93.6 s)
    BASE+SENT      x     all  perm5  R2 +0.4111  (92.8 s)
    BASE+SENT      x     all  perm6  R2 +0.4107  (84.5 s)
    BASE+SENT      x     all  perm7  R2 +0.4101  (86.1 s)
    BASE+SENT      x     all  perm8  R2 +0.4107  (84.7 s)
    BASE+SENT      x     all  perm9  R2 +0.4100  (82.8 s)
    BASE+SENT      x     all  perm10  R2 +0.4101  (83.9 s)
    BASE+SENT      x     all  perm11  R2 +0.4102  (83.1 s)
    BASE+SENT      x     all  perm12  R2 +0.4112  (96.6 s)
    BASE+SENT      x     all  perm13  R2 +0.4102  (95.5 s)
    BASE+SENT      x     all  perm14  R2 +0.4106  (96.1 s)
    BASE+SENT      x     all  perm15  R2 +0.4111  (158.6 s)
    BASE+SENT      x     all  perm16  R2 +0.4101  (157.0 s)
    BASE+SENT      x     all  perm17  R2 +0.4108  (160.2 s)
    BASE+SENT      x     all  perm18  R2 +0.4110  (217.4 s)
    BASE+SENT      x     all  perm19  R2 +0.4109  (216.7 s)
    BASE+ANALYST   x     all  perm0  R2 +0.4074  (193.3 s)
    BASE+ANALYST   x     all  perm1  R2 +0.4057  (182.0 s)
    BASE+ANALYST   x     all  perm2  R2 +0.4066  (185.4 s)
    BASE+ANALYST   x     all  perm3  R2 +0.4066  (185.3 s)
    BASE+ANALYST   x     all  perm4  R2 +0.4062  (178.6 s)
    BASE+ANALYST   x     all  perm5  R2 +0.4058  (175.5 s)
    BASE+ANALYST   x     all  perm6  R2 +0.4080  (174.4 s)
    BASE+ANALYST   x     all  perm7  R2 +0.4040  (176.8 s)
    BASE+ANALYST   x     all  perm8  R2 +0.4044  (177.4 s)
    BASE+ANALYST   x     all  perm9  R2 +0.4059  (177.5 s)
    BASE+ANALYST   x     all  perm10  R2 +0.4052  (173.2 s)
    BASE+ANALYST   x     all  perm11  R2 +0.4080  (172.9 s)
    BASE+ANALYST   x     all  perm12  R2 +0.4071  (173.9 s)
    BASE+ANALYST   x     all  perm13  R2 +0.4055  (175.1 s)
    BASE+ANALYST   x     all  perm14  R2 +0.4046  (176.8 s)
    BASE+ANALYST   x     all  perm15  R2 +0.4047  (176.5 s)
    BASE+ANALYST   x     all  perm16  R2 +0.4027  (179.0 s)
    BASE+ANALYST   x     all  perm17  R2 +0.4063  (177.0 s)
    BASE+ANALYST   x     all  perm18  R2 +0.4067  (178.8 s)
    BASE+ANALYST   x     all  perm19  R2 +0.4078  (149.4 s)
wrote docs/env_v2/generated/v2_1/e5_7a/baseline\ablation.json in 2075.6 s
