[after_state] hashes ...
95 configurations hashed -> C:\Users\ayesha.gull01\FinPersona\docs\env_v2\generated\v2_1\path_hashes_phase3_after.json
[after_state] hashes: 19 s
[after_state] checklist ...
 item                                                     property  pass
    1 No linear autocorrelation of returns in calm phases (Cont 1)  True
    2                                      Heavy tails (Cont 2, 7) False
    3                               Volatility clustering (Cont 6) False
    4                                     Decay of ACF|r| (Cont 8)  None
    5                                GARCH persistence recoverable  True
    6                                     Leverage effect (Cont 9) False
    7                                  Volume-volatility (Cont 10) False
    8                        Gain/loss asymmetry in crash (Cont 3) False
    9                           Mispricing persistence (FW regime) False
   10                                                Delta matters False
   11                                 Bubble shape and populations False
   12                                           Sentiment dynamics  True
   13                                                   IV realism False
   14                                                   Value leak  None
   15                                      Phase/time separability  True
   16                                        Composite phase clock  None
   17                                                 Conditioning False
   18                                         Start design applied  None
   19                                    Action-space reachability  None
   20                                                   Magnitudes  True
checklist: 844 s -> C:\Users\ayesha.gull01\FinPersona\docs\env_v2\generated\v2_1\e3_after_checklist.md
[after_state] checklist: 850 s
[after_state] audit ...
SEP: 1600 paths, 320000 rows, 2182 s
C:\Users\ayesha.gull01\AppData\Local\Programs\Python\Python313\python.exe -m evaluation.leakage_audit --env v2 --panel-pickle C:\Users\ayesha.gull01\FinPersona\docs\env_v2\generated\v2_1\_panels\sep_phase3_after.pkl --control level_free --no-subsample --out C:\Users\ayesha.gull01\FinPersona\docs\env_v2\generated\v2_1\e3_after\audit_after_levelfree.md
                candidate  fitted_k  median_APE   max_APE    p5_APE   p10_APE   p25_APE  within_1pct  within_2pct  within_5pct  share_APE_above_floor  sign_acc_PE15_rule  pass
0    k * P (price itself)    1.0015    0.060072  1.185190  0.004136  0.008328  0.022374     0.119641     0.227531     0.448919               0.880359            0.671666  True
1  k * P * dividend_yield    0.5138    0.162345  1.301876  0.015784  0.031657  0.080195     0.031803     0.063594     0.158194               0.968197            0.671666  True
2     k * P / reported_PE   17.8390    0.164250  1.263582  0.015807  0.031717  0.079531     0.031569     0.062713     0.157875               0.968431            0.671666  True
3  k * analyst_fair_value    2.2998    0.671612  6.843993  0.083421  0.174845  0.404072     0.005600     0.012784     0.030853               0.994400            0.671666  True
{'calm_best_R2_x': 0.21253043558034024, 'calm_sign_acc': 0.834336337253704, 'event_best_R2_x': 0.8768815612397742, 'event_best_MAPE_V': 0.11165740691306628, 'calm_pass_absolute': False, 'event_pass_absolute': True, 'pass_absolute': False, 'max_selectivity_R2_x': 0.794458293250958, 'max_MAPE_gain_V': 0.05768507900005582, 'max_R2_shuffledV': -0.0015989522000987577, 'pass_selectivity': False, 'mode': 'absolute', 'pass': False, 'calm_pass': False, 'event_pass': True}
{'acc_full': 0.7825069444444445, 'acc_price_only': 0.6557152777777778, 'acc_day_only': 0.489, 'majority_class': 0.41464930555555557, 'selectivity': 0.12679166666666664, 'margin': 0.1, 'pass': False, 'n': 288000, 'control': 'level_free'}
written C:\Users\ayesha.gull01\FinPersona\docs\env_v2\generated\v2_1\e3_after\audit_after_levelfree.md
[after_state] audit: 109491 s
[after_state] freeze ...
manifest written: 23 files, hash a36384ce6049bffb49219d44c362ef2571e1b976155320a5e9228ba80d697667 -> C:\Users\ayesha.gull01\FinPersona\tests\v2_freeze_manifest.json
[after_state] freeze: 3 s
