[OK     ] #3b sec/submissions              159,006 bytes
[OK     ] #3b sec/submissions-page         214,241 bytes
[OK     ] #3b sec/submissions              164,121 bytes
[OK     ] #3b sec/submissions-page         201,920 bytes
[OK     ] #3b sec/submissions              155,521 bytes
[OK     ] #3b sec/submissions-page         292,602 bytes
[OK     ] #3b sec/submissions-page         90,586 bytes
[OK     ] #3b sec/submissions              159,026 bytes
[OK     ] #3b sec/submissions-page         179,196 bytes
[OK     ] #3b sec/submissions              161,981 bytes
[OK     ] #3b sec/submissions-page         256,058 bytes
[OK     ] #3b sec/submissions              161,555 bytes
[OK     ] #3b sec/submissions-page         267,663 bytes
[OK     ] #3b sec/submissions              143,277 bytes
[OK     ] #3b sec/submissions-page         281,413 bytes
[OK     ] #3b sec/submissions-page         215,042 bytes
[OK     ] #3b sec/submissions              145,570 bytes
[OK     ] #3b sec/submissions-page         290,638 bytes
[OK     ] #3b sec/submissions-page         64,777 bytes
[OK     ] #3b sec/submissions              161,528 bytes
[OK     ] #3b sec/submissions-page         238,585 bytes
[OK     ] #3b sec/submissions              162,457 bytes
[OK     ] #3b sec/submissions-page         252,762 bytes
[OK     ] #3b sec/submissions              161,727 bytes
[OK     ] #3b sec/submissions-page         327,760 bytes
[OK     ] #3b sec/submissions-page         39,607 bytes
[OK     ] #3b sec/submissions              161,674 bytes
[OK     ] #3b sec/submissions-page         204,189 bytes
[OK     ] #3b sec/submissions              162,559 bytes
[OK     ] #3b sec/submissions-page         275,537 bytes
[OK     ] #3b sec/submissions              149,935 bytes
[OK     ] #3b sec/submissions-page         288,511 bytes
[OK     ] #3b sec/submissions-page         283,633 bytes
[OK     ] #3b sec/submissions-page         304,659 bytes
[OK     ] #3b sec/submissions-page         35,520 bytes
[OK     ] #3b sec/submissions              167,613 bytes
[OK     ] #3b sec/submissions-page         316,336 bytes
[OK     ] #3b sec/submissions              158,600 bytes
[OK     ] #3b sec/submissions-page         246,969 bytes
[OK     ] #3b sec/submissions              162,479 bytes
[OK     ] #3b sec/submissions-page         268,010 bytes
[OK     ] #3b sec/submissions              162,758 bytes
[OK     ] #3b sec/submissions-page         158,147 bytes
[OK     ] #3b sec/submissions              163,900 bytes
[OK     ] #3b sec/submissions-page         281,751 bytes
[OK     ] #3b sec/submissions              162,185 bytes
[OK     ] #3b sec/submissions-page         289,365 bytes
[OK     ] #3b sec/submissions              159,595 bytes
[OK     ] #3b sec/submissions-page         178,638 bytes
[OK     ] #3b sec/submissions              162,408 bytes
[OK     ] #3b sec/submissions-page         316,175 bytes
[OK     ] #3b sec/submissions-page         49,460 bytes
[OK     ] #3b sec/submissions              159,641 bytes
[OK     ] #3b sec/submissions-page         210,722 bytes
[OK     ] #3b sec/submissions              158,942 bytes
[OK     ] #3b sec/submissions-page         125,349 bytes
[OK     ] #3b sec/submissions              158,761 bytes
[OK     ] #3b sec/submissions-page         314,153 bytes
[OK     ] #3b sec/submissions-page         29,499 bytes
  25 fetched, 0 cached, 0 failed, 115 s
[OK     ] #3b sec/submissions              162,135 bytes
[OK     ] #3b sec/submissions-page         249,803 bytes
[OK     ] #3b sec/submissions              159,666 bytes
[OK     ] #3b sec/submissions-page         316,479 bytes
[OK     ] #3b sec/submissions-page         19,573 bytes
[OK     ] #3b sec/submissions              164,751 bytes
[OK     ] #3b sec/submissions-page         241,336 bytes
[OK     ] #3b sec/submissions              150,251 bytes
[OK     ] #3b sec/submissions-page         246,287 bytes
[OK     ] #3b sec/submissions              156,902 bytes
[OK     ] #3b sec/submissions-page         276,972 bytes
[OK     ] #3b sec/submissions              158,200 bytes
[OK     ] #3b sec/submissions-page         158,975 bytes
[OK     ] #3b sec/submissions              128,609 bytes
[OK     ] #3b sec/submissions              150,917 bytes
[OK     ] #3b sec/submissions-page         293,905 bytes
[OK     ] #3b sec/submissions              163,444 bytes
[OK     ] #3b sec/submissions-page         155,714 bytes
[OK     ] #3b sec/submissions              162,141 bytes
[OK     ] #3b sec/submissions-page         268,704 bytes
[OK     ] #3b sec/submissions              159,973 bytes
[OK     ] #3b sec/submissions-page         12,146 bytes
[OK     ] #3b sec/submissions              161,633 bytes
[OK     ] #3b sec/submissions-page         195,671 bytes
[OK     ] #3b sec/submissions              158,784 bytes
[OK     ] #3b sec/submissions-page         180,063 bytes
[OK     ] #3b sec/submissions              158,871 bytes
[OK     ] #3b sec/submissions-page         190,271 bytes
[OK     ] #3b sec/submissions              159,449 bytes
[OK     ] #3b sec/submissions-page         327,506 bytes
[OK     ] #3b sec/submissions-page         92,019 bytes
[OK     ] #3b sec/submissions              146,836 bytes
[OK     ] #3b sec/submissions-page         295,930 bytes
[OK     ] #3b sec/submissions-page         10,255 bytes
[OK     ] #3b sec/submissions              146,883 bytes
[OK     ] #3b sec/submissions-page         289,920 bytes
[OK     ] #3b sec/submissions-page         151,741 bytes
[OK     ] #3b sec/submissions              1,765,326 bytes
[OK     ] #3b sec/submissions-page         322,434 bytes
[OK     ] #3b sec/submissions-page         313,930 bytes
[OK     ] #3b sec/submissions-page         314,174 bytes
[OK     ] #3b sec/submissions-page         315,754 bytes
[OK     ] #3b sec/submissions-page         317,606 bytes
[OK     ] #3b sec/submissions-page         318,983 bytes
[OK     ] #3b sec/submissions-page         315,797 bytes
[OK     ] #3b sec/submissions-page         315,910 bytes
[OK     ] #3b sec/submissions-page         315,991 bytes
[OK     ] #3b sec/submissions-page         311,824 bytes
[OK     ] #3b sec/submissions-page         313,750 bytes
[OK     ] #3b sec/submissions-page         317,715 bytes
[OK     ] #3b sec/submissions-page         339,980 bytes
[OK     ] #3b sec/submissions-page         336,899 bytes
[OK     ] #3b sec/submissions-page         317,651 bytes
[OK     ] #3b sec/submissions-page         333,035 bytes
[OK     ] #3b sec/submissions-page         328,843 bytes
[OK     ] #3b sec/submissions-page         333,410 bytes
[OK     ] #3b sec/submissions-page         325,469 bytes
[OK     ] #3b sec/submissions-page         274,783 bytes
[OK     ] #3b sec/submissions              168,898 bytes
[OK     ] #3b sec/submissions-page         308,989 bytes
[OK     ] #3b sec/submissions-page         251,255 bytes
[OK     ] #3b sec/submissions              167,030 bytes
[OK     ] #3b sec/submissions-page         233,232 bytes
[OK     ] #3b sec/submissions              152,897 bytes
[OK     ] #3b sec/submissions-page         209,132 bytes
[OK     ] #3b sec/submissions              146,216 bytes
[OK     ] #3b sec/submissions-page         285,581 bytes
[OK     ] #3b sec/submissions              164,361 bytes
[OK     ] #3b sec/submissions-page         239,067 bytes
[OK     ] #3b sec/submissions              168,380 bytes
[OK     ] #3b sec/submissions-page         313,251 bytes
[OK     ] #3b sec/submissions-page         11,349 bytes
[OK     ] #3b sec/submissions              157,641 bytes
[OK     ] #3b sec/submissions-page         290,796 bytes
[OK     ] #3b sec/submissions-page         284,677 bytes
[OK     ] #3b sec/submissions-page         289,913 bytes
[OK     ] #3b sec/submissions-page         248,025 bytes
[OK     ] #3b sec/submissions-page         39,444 bytes
  50 fetched, 0 cached, 0 failed, 218 s
[OK     ] #3b sec/submissions              165,086 bytes
[OK     ] #3b sec/submissions-page         289,382 bytes
[OK     ] #3b sec/submissions              158,993 bytes
[OK     ] #3b sec/submissions-page         272,187 bytes
[OK     ] #3b sec/submissions              167,069 bytes
[OK     ] #3b sec/submissions-page         79,471 bytes
[OK     ] #3b sec/submissions              158,418 bytes
[OK     ] #3b sec/submissions-page         168,799 bytes
[OK     ] #3b sec/submissions              158,795 bytes
[OK     ] #3b sec/submissions              162,252 bytes
[OK     ] #3b sec/submissions-page         317,465 bytes
[OK     ] #3b sec/submissions-page         314,116 bytes
[OK     ] #3b sec/submissions-page         288,778 bytes
[OK     ] #3b sec/submissions-page         301,543 bytes
[OK     ] #3b sec/submissions-page         294,827 bytes
[OK     ] #3b sec/submissions-page         380,947 bytes
[OK     ] #3b sec/submissions-page         315,104 bytes
[OK     ] #3b sec/submissions-page         295,090 bytes
[OK     ] #3b sec/submissions-page         338,139 bytes
[OK     ] #3b sec/submissions-page         301,007 bytes
[OK     ] #3b sec/submissions-page         288,382 bytes
[OK     ] #3b sec/submissions-page         299,328 bytes
[OK     ] #3b sec/submissions-page         311,734 bytes
[OK     ] #3b sec/submissions-page         294,770 bytes
[OK     ] #3b sec/submissions-page         297,249 bytes
[OK     ] #3b sec/submissions-page         357,629 bytes
[OK     ] #3b sec/submissions-page         375,039 bytes
[OK     ] #3b sec/submissions-page         397,225 bytes
[OK     ] #3b sec/submissions-page         325,929 bytes
[OK     ] #3b sec/submissions-page         292,552 bytes
[OK     ] #3b sec/submissions-page         278,922 bytes
[OK     ] #3b sec/submissions-page         210,194 bytes
[OK     ] #3b sec/submissions              163,987 bytes
[OK     ] #3b sec/submissions-page         304,066 bytes
[OK     ] #3b sec/submissions-page         81,250 bytes
[OK     ] #3b sec/submissions              161,265 bytes
[OK     ] #3b sec/submissions-page         229,918 bytes
[OK     ] #3b sec/submissions              157,643 bytes
[OK     ] #3b sec/submissions-page         90,705 bytes
[OK     ] #3b sec/submissions              145,760 bytes
[OK     ] #3b sec/submissions-page         285,626 bytes
[OK     ] #3b sec/submissions-page         270,690 bytes
[OK     ] #3b sec/submissions              149,771 bytes
[OK     ] #3b sec/submissions-page         269,554 bytes
[OK     ] #3b sec/submissions              162,828 bytes
[OK     ] #3b sec/submissions-page         310,590 bytes
[OK     ] #3b sec/submissions-page         13,485 bytes
[OK     ] #3b sec/submissions              2,352,399 bytes
[OK     ] #3b sec/submissions-page         368,001 bytes
[OK     ] #3b sec/submissions-page         357,221 bytes
[OK     ] #3b sec/submissions-page         352,820 bytes
[OK     ] #3b sec/submissions-page         359,845 bytes
[OK     ] #3b sec/submissions-page         355,500 bytes
[OK     ] #3b sec/submissions-page         368,549 bytes
[OK     ] #3b sec/submissions-page         376,556 bytes
[OK     ] #3b sec/submissions-page         372,224 bytes
[OK     ] #3b sec/submissions-page         367,050 bytes
[OK     ] #3b sec/submissions-page         371,182 bytes
[OK     ] #3b sec/submissions-page         374,324 bytes
[OK     ] #3b sec/submissions-page         378,327 bytes
[OK     ] #3b sec/submissions-page         388,269 bytes
[OK     ] #3b sec/submissions-page         389,153 bytes
[OK     ] #3b sec/submissions-page         377,725 bytes
[OK     ] #3b sec/submissions-page         391,588 bytes
[OK     ] #3b sec/submissions-page         388,938 bytes
[OK     ] #3b sec/submissions-page         386,841 bytes
[OK     ] #3b sec/submissions-page         382,102 bytes
[OK     ] #3b sec/submissions-page         375,796 bytes
[OK     ] #3b sec/submissions-page         374,405 bytes
[OK     ] #3b sec/submissions-page         388,874 bytes
[OK     ] #3b sec/submissions-page         377,210 bytes
[OK     ] #3b sec/submissions-page         372,803 bytes
[OK     ] #3b sec/submissions-page         372,466 bytes
[OK     ] #3b sec/submissions-page         373,126 bytes
[OK     ] #3b sec/submissions-page         374,314 bytes
[OK     ] #3b sec/submissions-page         380,195 bytes
[OK     ] #3b sec/submissions-page         375,916 bytes
[OK     ] #3b sec/submissions-page         376,200 bytes
[OK     ] #3b sec/submissions-page         368,014 bytes
[OK     ] #3b sec/submissions-page         363,288 bytes
[OK     ] #3b sec/submissions-page         357,661 bytes
[OK     ] #3b sec/submissions-page         349,714 bytes
[OK     ] #3b sec/submissions-page         351,571 bytes
[OK     ] #3b sec/submissions-page         336,219 bytes
[OK     ] #3b sec/submissions-page         327,836 bytes
[OK     ] #3b sec/submissions-page         309,865 bytes
[OK     ] #3b sec/submissions-page         213,163 bytes
[OK     ] #3b sec/submissions              158,124 bytes
[OK     ] #3b sec/submissions-page         212,588 bytes
[OK     ] #3b sec/submissions              166,842 bytes
[OK     ] #3b sec/submissions-page         260,748 bytes
[OK     ] #3b sec/submissions              156,999 bytes
[OK     ] #3b sec/submissions-page         289,598 bytes
[OK     ] #3b sec/submissions              167,228 bytes
[OK     ] #3b sec/submissions-page         260,589 bytes
[OK     ] #3b sec/submissions              160,409 bytes
[OK     ] #3b sec/submissions-page         211,682 bytes
[OK     ] #3b sec/submissions              162,460 bytes
[OK     ] #3b sec/submissions-page         283,256 bytes
[OK     ] #3b sec/submissions              157,466 bytes
[OK     ] #3b sec/submissions-page         273,652 bytes
[OK     ] #3b sec/submissions              156,665 bytes
[OK     ] #3b sec/submissions-page         310,770 bytes
[OK     ] #3b sec/submissions-page         308,724 bytes
[OK     ] #3b sec/submissions-page         276,821 bytes
[OK     ] #3b sec/submissions              156,440 bytes
[OK     ] #3b sec/submissions-page         197,500 bytes
[OK     ] #3b sec/submissions              149,897 bytes
[OK     ] #3b sec/submissions-page         2,629 bytes
[OK     ] #3b sec/submissions              158,691 bytes
[OK     ] #3b sec/submissions-page         316,384 bytes
[OK     ] #3b sec/submissions-page         123,027 bytes
[OK     ] #3b sec/submissions              167,087 bytes
[OK     ] #3b sec/submissions-page         311,347 bytes
  75 fetched, 0 cached, 2 failed, 359 s
[OK     ] #3b sec/submissions              147,592 bytes
[OK     ] #3b sec/submissions-page         303,244 bytes
[OK     ] #3b sec/submissions-page         143,594 bytes
[OK     ] #3b sec/submissions              165,128 bytes
[OK     ] #3b sec/submissions-page         318,192 bytes
[OK     ] #3b sec/submissions-page         55,725 bytes
[OK     ] #3b sec/submissions              149,520 bytes
[OK     ] #3b sec/submissions-page         240,221 bytes
[OK     ] #3b sec/submissions              148,618 bytes
[OK     ] #3b sec/submissions-page         289,329 bytes
[OK     ] #3b sec/submissions-page         76,635 bytes
[OK     ] #3b sec/submissions              147,732 bytes
[OK     ] #3b sec/submissions-page         227,512 bytes
[OK     ] #3b sec/submissions              163,153 bytes
[OK     ] #3b sec/submissions-page         329,896 bytes
[OK     ] #3b sec/submissions-page         71,404 bytes
[OK     ] #3b sec/submissions              162,525 bytes
[OK     ] #3b sec/submissions-page         174,100 bytes
[OK     ] #3b sec/submissions              168,113 bytes
[OK     ] #3b sec/submissions-page         268,348 bytes
[OK     ] #3b sec/submissions              163,047 bytes
[OK     ] #3b sec/submissions-page         312,195 bytes
[OK     ] #3b sec/submissions-page         205,510 bytes
[OK     ] #3b sec/submissions              160,871 bytes
[OK     ] #3b sec/submissions-page         202,947 bytes
[OK     ] #3b sec/submissions              156,247 bytes
[OK     ] #3b sec/submissions-page         320,059 bytes
[OK     ] #3b sec/submissions-page         89,491 bytes
[OK     ] #3b sec/submissions              161,226 bytes
[OK     ] #3b sec/submissions-page         249,497 bytes
[OK     ] #3b sec/submissions              158,811 bytes
[OK     ] #3b sec/submissions-page         267,409 bytes
[OK     ] #3b sec/submissions              167,705 bytes
[OK     ] #3b sec/submissions-page         230,095 bytes
[OK     ] #3b sec/submissions              159,564 bytes
[OK     ] #3b sec/submissions-page         55,543 bytes
[OK     ] #3b sec/submissions              159,641 bytes
[OK     ] #3b sec/submissions-page         116,561 bytes
[OK     ] #3b sec/submissions              158,586 bytes
[OK     ] #3b sec/submissions-page         305,651 bytes
[OK     ] #3b sec/submissions-page         83,229 bytes
[OK     ] #3b sec/submissions              164,461 bytes
[OK     ] #3b sec/submissions-page         86,887 bytes
[OK     ] #3b sec/submissions              166,374 bytes
[OK     ] #3b sec/submissions-page         124,092 bytes
[OK     ] #3b sec/submissions              158,479 bytes
[OK     ] #3b sec/submissions-page         238,076 bytes
[OK     ] #3b sec/submissions              154,178 bytes
[OK     ] #3b sec/submissions-page         80,833 bytes
[OK     ] #3b sec/submissions              161,510 bytes
[OK     ] #3b sec/submissions-page         310,411 bytes
[OK     ] #3b sec/submissions-page         160,178 bytes
[OK     ] #3b sec/submissions              158,930 bytes
[OK     ] #3b sec/submissions-page         308,283 bytes
[OK     ] #3b sec/submissions              157,822 bytes
[OK     ] #3b sec/submissions-page         294,189 bytes
[OK     ] #3b sec/submissions              155,310 bytes
[OK     ] #3b sec/submissions-page         299,734 bytes
[OK     ] #3b sec/submissions-page         137,012 bytes
  100 fetched, 0 cached, 2 failed, 471 s
[OK     ] #3b sec/submissions              166,915 bytes
[OK     ] #3b sec/submissions-page         40,117 bytes
[OK     ] #3b sec/submissions              165,757 bytes
[OK     ] #3b sec/submissions-page         309,697 bytes
[OK     ] #3b sec/submissions-page         249,514 bytes
[OK     ] #3b sec/submissions              163,852 bytes
[OK     ] #3b sec/submissions-page         227,516 bytes
[OK     ] #3b sec/submissions              161,810 bytes
[OK     ] #3b sec/submissions-page         216,725 bytes
[OK     ] #3b sec/submissions              163,582 bytes
[OK     ] #3b sec/submissions-page         224,820 bytes
[OK     ] #3b sec/submissions              169,520 bytes
[OK     ] #3b sec/submissions-page         150,570 bytes
[OK     ] #3b sec/submissions              160,715 bytes
[OK     ] #3b sec/submissions-page         311,787 bytes
[OK     ] #3b sec/submissions-page         105,945 bytes
[OK     ] #3b sec/submissions              166,404 bytes
[OK     ] #3b sec/submissions-page         22,080 bytes
[OK     ] #3b sec/submissions              163,740 bytes
[OK     ] #3b sec/submissions-page         313,852 bytes
[OK     ] #3b sec/submissions              165,455 bytes
[OK     ] #3b sec/submissions-page         180,801 bytes
[OK     ] #3b sec/submissions              129,517 bytes
[OK     ] #3b sec/submissions              168,469 bytes
[OK     ] #3b sec/submissions-page         152,746 bytes
[OK     ] #3b sec/submissions              144,924 bytes
[OK     ] #3b sec/submissions-page         306,933 bytes
[OK     ] #3b sec/submissions-page         47,353 bytes
[OK     ] #3b sec/submissions              167,317 bytes
[OK     ] #3b sec/submissions-page         329,791 bytes
[OK     ] #3b sec/submissions-page         15,287 bytes
[OK     ] #3b sec/submissions              165,586 bytes
[OK     ] #3b sec/submissions-page         313,802 bytes
[OK     ] #3b sec/submissions-page         29,352 bytes
[OK     ] #3b sec/submissions              163,993 bytes
[OK     ] #3b sec/submissions-page         323,397 bytes
[OK     ] #3b sec/submissions-page         45,853 bytes
[OK     ] #3b sec/submissions              159,177 bytes
[OK     ] #3b sec/submissions-page         188,986 bytes
[OK     ] #3b sec/submissions              146,420 bytes
[OK     ] #3b sec/submissions              158,152 bytes
[OK     ] #3b sec/submissions-page         318,185 bytes
[OK     ] #3b sec/submissions-page         59,836 bytes
[OK     ] #3b sec/submissions              157,270 bytes
[OK     ] #3b sec/submissions-page         297,127 bytes
[OK     ] #3b sec/submissions-page         116,745 bytes
[OK     ] #3b sec/submissions              169,001 bytes
[OK     ] #3b sec/submissions-page         309,061 bytes
[OK     ] #3b sec/submissions-page         178,015 bytes
[OK     ] #3b sec/submissions              148,288 bytes
[OK     ] #3b sec/submissions-page         232,707 bytes
[OK     ] #3b sec/submissions              158,960 bytes
[OK     ] #3b sec/submissions-page         99,682 bytes
[OK     ] #3b sec/submissions              167,425 bytes
[OK     ] #3b sec/submissions-page         184,130 bytes
[OK     ] #3b sec/submissions              161,986 bytes
[OK     ] #3b sec/submissions-page         312,812 bytes
[OK     ] #3b sec/submissions-page         187,566 bytes
  125 fetched, 0 cached, 2 failed, 670 s
[OK     ] #3b sec/submissions              160,741 bytes
[OK     ] #3b sec/submissions-page         230,675 bytes
[OK     ] #3b sec/submissions              163,598 bytes
[OK     ] #3b sec/submissions-page         162,364 bytes
[OK     ] #3b sec/submissions              156,626 bytes
[OK     ] #3b sec/submissions-page         312,285 bytes
[OK     ] #3b sec/submissions-page         94,437 bytes
[OK     ] #3b sec/submissions              161,496 bytes
[OK     ] #3b sec/submissions-page         238,798 bytes
[OK     ] #3b sec/submissions              156,879 bytes
[OK     ] #3b sec/submissions-page         307,844 bytes
[OK     ] #3b sec/submissions-page         280,019 bytes
[OK     ] #3b sec/submissions-page         78,674 bytes
[OK     ] #3b sec/submissions              162,371 bytes
[OK     ] #3b sec/submissions-page         301,454 bytes
[OK     ] #3b sec/submissions              167,681 bytes
[OK     ] #3b sec/submissions-page         124,575 bytes
[OK     ] #3b sec/submissions              166,972 bytes
[OK     ] #3b sec/submissions-page         64,854 bytes
[OK     ] #3b sec/submissions              169,149 bytes
[OK     ] #3b sec/submissions-page         309,461 bytes
[OK     ] #3b sec/submissions-page         274,061 bytes
[OK     ] #3b sec/submissions              119,399 bytes
[OK     ] #3b sec/submissions              169,977 bytes
[OK     ] #3b sec/submissions-page         309,074 bytes
[OK     ] #3b sec/submissions-page         310,182 bytes
[OK     ] #3b sec/submissions-page         131,586 bytes
[OK     ] #3b sec/submissions              158,793 bytes
[OK     ] #3b sec/submissions-page         152,238 bytes
[OK     ] #3b sec/submissions              161,699 bytes
[OK     ] #3b sec/submissions-page         320,306 bytes
[OK     ] #3b sec/submissions-page         225,138 bytes
[OK     ] #3b sec/submissions              158,189 bytes
[OK     ] #3b sec/submissions-page         120,600 bytes
[OK     ] #3b sec/submissions              164,820 bytes
[OK     ] #3b sec/submissions-page         234,487 bytes
[OK     ] #3b sec/submissions              162,016 bytes
[OK     ] #3b sec/submissions-page         138,349 bytes
[OK     ] #3b sec/submissions              160,964 bytes
[OK     ] #3b sec/submissions-page         180,490 bytes
[OK     ] #3b sec/submissions              159,388 bytes
[OK     ] #3b sec/submissions-page         321,737 bytes
[OK     ] #3b sec/submissions-page         150,798 bytes
[OK     ] #3b sec/submissions              158,134 bytes
[OK     ] #3b sec/submissions-page         290,959 bytes
[OK     ] #3b sec/submissions              158,869 bytes
[OK     ] #3b sec/submissions-page         303,330 bytes
[OK     ] #3b sec/submissions              167,110 bytes
[OK     ] #3b sec/submissions-page         184,788 bytes
[OK     ] #3b sec/submissions              158,747 bytes
[OK     ] #3b sec/submissions-page         258,939 bytes
[OK     ] #3b sec/submissions              162,974 bytes
[OK     ] #3b sec/submissions-page         314,407 bytes
[OK     ] #3b sec/submissions-page         249,925 bytes
[OK     ] #3b sec/submissions              165,670 bytes
[OK     ] #3b sec/submissions-page         225,749 bytes
[OK     ] #3b sec/submissions              159,416 bytes
[OK     ] #3b sec/submissions-page         261,257 bytes
  150 fetched, 0 cached, 2 failed, 837 s
[OK     ] #3b sec/submissions              163,374 bytes
[OK     ] #3b sec/submissions-page         161,047 bytes
[OK     ] #3b sec/submissions              163,357 bytes
[OK     ] #3b sec/submissions-page         58,064 bytes
[OK     ] #3b sec/submissions              154,479 bytes
[OK     ] #3b sec/submissions-page         310,965 bytes
[OK     ] #3b sec/submissions-page         114,180 bytes
[OK     ] #3b sec/submissions              166,111 bytes
[OK     ] #3b sec/submissions-page         321,446 bytes
[OK     ] #3b sec/submissions-page         273,881 bytes
[OK     ] #3b sec/submissions              161,414 bytes
[OK     ] #3b sec/submissions-page         263,412 bytes
[OK     ] #3b sec/submissions              162,134 bytes
[OK     ] #3b sec/submissions-page         44,186 bytes
[OK     ] #3b sec/submissions              160,935 bytes
[OK     ] #3b sec/submissions-page         303,338 bytes
[OK     ] #3b sec/submissions-page         24,559 bytes
[OK     ] #3b sec/submissions              157,684 bytes
[OK     ] #3b sec/submissions-page         322,281 bytes
[OK     ] #3b sec/submissions-page         58,126 bytes
[OK     ] #3b sec/submissions              176,988 bytes
[OK     ] #3b sec/submissions-page         314,497 bytes
[OK     ] #3b sec/submissions-page         11,600 bytes
[OK     ] #3b sec/submissions              157,207 bytes
[OK     ] #3b sec/submissions-page         312,460 bytes
[OK     ] #3b sec/submissions-page         294,831 bytes
[OK     ] #3b sec/submissions              158,273 bytes
[OK     ] #3b sec/submissions-page         277,609 bytes
[OK     ] #3b sec/submissions              2,554,383 bytes
[OK     ] #3b sec/submissions-page         326,818 bytes
[OK     ] #3b sec/submissions-page         327,573 bytes
[OK     ] #3b sec/submissions-page         324,473 bytes
[OK     ] #3b sec/submissions-page         320,849 bytes
[OK     ] #3b sec/submissions-page         320,487 bytes
[OK     ] #3b sec/submissions-page         327,558 bytes
[OK     ] #3b sec/submissions-page         327,358 bytes
[OK     ] #3b sec/submissions-page         327,438 bytes
[OK     ] #3b sec/submissions-page         326,369 bytes
[OK     ] #3b sec/submissions-page         324,947 bytes
[OK     ] #3b sec/submissions-page         321,020 bytes
[OK     ] #3b sec/submissions-page         312,873 bytes
[OK     ] #3b sec/submissions-page         307,461 bytes
[OK     ] #3b sec/submissions-page         311,840 bytes
[OK     ] #3b sec/submissions-page         311,247 bytes
[OK     ] #3b sec/submissions-page         310,525 bytes
[OK     ] #3b sec/submissions-page         310,609 bytes
[OK     ] #3b sec/submissions-page         310,885 bytes
[OK     ] #3b sec/submissions-page         312,105 bytes
[OK     ] #3b sec/submissions-page         307,958 bytes
[OK     ] #3b sec/submissions-page         306,513 bytes
[OK     ] #3b sec/submissions-page         309,682 bytes
[OK     ] #3b sec/submissions-page         308,787 bytes
[OK     ] #3b sec/submissions-page         307,896 bytes
[OK     ] #3b sec/submissions-page         313,588 bytes
[OK     ] #3b sec/submissions-page         359,323 bytes
[OK     ] #3b sec/submissions-page         412,906 bytes
[OK     ] #3b sec/submissions-page         403,947 bytes
[OK     ] #3b sec/submissions-page         414,498 bytes
[OK     ] #3b sec/submissions-page         401,140 bytes
[OK     ] #3b sec/submissions-page         405,036 bytes
[OK     ] #3b sec/submissions-page         404,867 bytes
[OK     ] #3b sec/submissions-page         406,213 bytes
[OK     ] #3b sec/submissions-page         406,118 bytes
[OK     ] #3b sec/submissions-page         392,427 bytes
[OK     ] #3b sec/submissions-page         381,275 bytes
[OK     ] #3b sec/submissions-page         345,066 bytes
[OK     ] #3b sec/submissions-page         173,677 bytes
[OK     ] #3b sec/submissions              156,804 bytes
[OK     ] #3b sec/submissions-page         316,902 bytes
[OK     ] #3b sec/submissions-page         38,020 bytes
[OK     ] #3b sec/submissions              159,847 bytes
[OK     ] #3b sec/submissions-page         265,516 bytes
[OK     ] #3b sec/submissions              181,359 bytes
[OK     ] #3b sec/submissions-page         317,377 bytes
[OK     ] #3b sec/submissions-page         152,441 bytes
[OK     ] #3b sec/submissions              163,908 bytes
[OK     ] #3b sec/submissions-page         288,638 bytes
[OK     ] #3b sec/submissions              146,430 bytes
[OK     ] #3b sec/submissions-page         292,059 bytes
[OK     ] #3b sec/submissions-page         181,313 bytes
[OK     ] #3b sec/submissions              162,156 bytes
[OK     ] #3b sec/submissions-page         314,195 bytes
[OK     ] #3b sec/submissions-page         9,450 bytes
[OK     ] #3b sec/submissions              155,753 bytes
[OK     ] #3b sec/submissions-page         146,382 bytes
[OK     ] #3b sec/submissions              159,260 bytes
[OK     ] #3b sec/submissions-page         293,148 bytes
[OK     ] #3b sec/submissions-page         285,529 bytes
[OK     ] #3b sec/submissions-page         255,794 bytes
[OK     ] #3b sec/submissions              157,225 bytes
[OK     ] #3b sec/submissions-page         217,785 bytes
[OK     ] #3b sec/submissions              162,501 bytes
[OK     ] #3b sec/submissions-page         315,848 bytes
[OK     ] #3b sec/submissions-page         98,804 bytes
[OK     ] #3b sec/submissions              151,719 bytes
[OK     ] #3b sec/submissions-page         200,780 bytes
[OK     ] #3b sec/submissions              155,964 bytes
[OK     ] #3b sec/submissions-page         269,614 bytes
[OK     ] #3b sec/submissions              162,063 bytes
[OK     ] #3b sec/submissions-page         176,646 bytes
  175 fetched, 0 cached, 2 failed, 1066 s
[OK     ] #3b sec/submissions              160,644 bytes
[OK     ] #3b sec/submissions-page         241,202 bytes
[OK     ] #3b sec/submissions              160,339 bytes
[OK     ] #3b sec/submissions-page         319,426 bytes
[OK     ] #3b sec/submissions-page         100,843 bytes
[OK     ] #3b sec/submissions              163,725 bytes
[OK     ] #3b sec/submissions-page         309,169 bytes
[OK     ] #3b sec/submissions-page         67,133 bytes
[OK     ] #3b sec/submissions              173,938 bytes
[OK     ] #3b sec/submissions-page         324,965 bytes
[OK     ] #3b sec/submissions-page         73,678 bytes
[OK     ] #3b sec/submissions              166,091 bytes
[OK     ] #3b sec/submissions-page         311,075 bytes
[OK     ] #3b sec/submissions-page         290,512 bytes
[OK     ] #3b sec/submissions-page         288,817 bytes
[OK     ] #3b sec/submissions-page         94,312 bytes
[OK     ] #3b sec/submissions              154,349 bytes
[OK     ] #3b sec/submissions-page         180,221 bytes
[OK     ] #3b sec/submissions              162,215 bytes
[OK     ] #3b sec/submissions-page         125,190 bytes
[OK     ] #3b sec/submissions              146,087 bytes
[OK     ] #3b sec/submissions-page         284,979 bytes
[OK     ] #3b sec/submissions-page         275,784 bytes
[OK     ] #3b sec/submissions              158,565 bytes
[OK     ] #3b sec/submissions-page         250,043 bytes
[OK     ] #3b sec/submissions              159,463 bytes
[OK     ] #3b sec/submissions-page         313,210 bytes
[OK     ] #3b sec/submissions-page         152,616 bytes
[OK     ] #3b sec/submissions              170,278 bytes
[OK     ] #3b sec/submissions-page         311,127 bytes
[OK     ] #3b sec/submissions              160,406 bytes
[OK     ] #3b sec/submissions-page         313,440 bytes
[OK     ] #3b sec/submissions-page         102,467 bytes
[OK     ] #3b sec/submissions              163,020 bytes
[OK     ] #3b sec/submissions-page         266,819 bytes
[OK     ] #3b sec/submissions              156,666 bytes
[OK     ] #3b sec/submissions-page         307,844 bytes
[OK     ] #3b sec/submissions-page         190,584 bytes
[OK     ] #3b sec/submissions              163,517 bytes
[OK     ] #3b sec/submissions-page         166,225 bytes
[OK     ] #3b sec/submissions              163,270 bytes
[OK     ] #3b sec/submissions-page         246,250 bytes
[OK     ] #3b sec/submissions              163,321 bytes
[OK     ] #3b sec/submissions-page         317,012 bytes
[OK     ] #3b sec/submissions-page         332,487 bytes
[OK     ] #3b sec/submissions-page         357,308 bytes
[OK     ] #3b sec/submissions              158,225 bytes
[OK     ] #3b sec/submissions-page         227,275 bytes
[OK     ] #3b sec/submissions              165,800 bytes
[OK     ] #3b sec/submissions-page         257,402 bytes
[OK     ] #3b sec/submissions              145,497 bytes
[OK     ] #3b sec/submissions-page         302,938 bytes
[OK     ] #3b sec/submissions-page         4,919 bytes
[OK     ] #3b sec/submissions              158,696 bytes
[OK     ] #3b sec/submissions-page         302,132 bytes
[OK     ] #3b sec/submissions-page         53,138 bytes
[OK     ] #3b sec/submissions              177,788 bytes
[OK     ] #3b sec/submissions-page         332,002 bytes
[OK     ] #3b sec/submissions-page         216,585 bytes
[OK     ] #3b sec/submissions              172,471 bytes
[OK     ] #3b sec/submissions-page         62,549 bytes
[OK     ] #3b sec/submissions              154,299 bytes
[OK     ] #3b sec/submissions-page         313,859 bytes
[OK     ] #3b sec/submissions-page         55,308 bytes
[OK     ] #3b sec/submissions              4,613,232 bytes
[OK     ] #3b sec/submissions-page         394,848 bytes
[OK     ] #3b sec/submissions-page         363,019 bytes
[OK     ] #3b sec/submissions-page         368,337 bytes
[OK     ] #3b sec/submissions-page         369,028 bytes
[OK     ] #3b sec/submissions-page         368,296 bytes
[OK     ] #3b sec/submissions-page         367,700 bytes
[OK     ] #3b sec/submissions-page         367,250 bytes
[OK     ] #3b sec/submissions-page         369,012 bytes
[OK     ] #3b sec/submissions-page         369,601 bytes
[OK     ] #3b sec/submissions-page         362,125 bytes
[OK     ] #3b sec/submissions-page         365,413 bytes
[OK     ] #3b sec/submissions-page         370,783 bytes
[OK     ] #3b sec/submissions-page         360,185 bytes
[OK     ] #3b sec/submissions-page         355,286 bytes
[OK     ] #3b sec/submissions-page         357,728 bytes
[OK     ] #3b sec/submissions-page         360,185 bytes
[OK     ] #3b sec/submissions-page         355,143 bytes
[OK     ] #3b sec/submissions-page         353,158 bytes
[OK     ] #3b sec/submissions-page         361,552 bytes
[OK     ] #3b sec/submissions-page         361,578 bytes
[OK     ] #3b sec/submissions-page         353,238 bytes
[OK     ] #3b sec/submissions-page         366,214 bytes
[OK     ] #3b sec/submissions-page         357,419 bytes
[OK     ] #3b sec/submissions-page         355,324 bytes
[OK     ] #3b sec/submissions-page         356,206 bytes
[OK     ] #3b sec/submissions-page         350,712 bytes
[OK     ] #3b sec/submissions-page         349,495 bytes
[OK     ] #3b sec/submissions-page         351,201 bytes
[OK     ] #3b sec/submissions-page         352,908 bytes
[OK     ] #3b sec/submissions-page         375,047 bytes
[OK     ] #3b sec/submissions-page         353,291 bytes
[OK     ] #3b sec/submissions-page         353,162 bytes
[OK     ] #3b sec/submissions-page         348,870 bytes
[OK     ] #3b sec/submissions-page         354,671 bytes
[OK     ] #3b sec/submissions-page         351,855 bytes
[OK     ] #3b sec/submissions-page         347,630 bytes
[OK     ] #3b sec/submissions-page         348,284 bytes
[OK     ] #3b sec/submissions-page         349,908 bytes
[OK     ] #3b sec/submissions-page         346,524 bytes
[OK     ] #3b sec/submissions-page         349,244 bytes
[OK     ] #3b sec/submissions-page         357,094 bytes
[OK     ] #3b sec/submissions-page         355,216 bytes
[OK     ] #3b sec/submissions-page         360,510 bytes
[OK     ] #3b sec/submissions-page         353,398 bytes
[OK     ] #3b sec/submissions-page         348,988 bytes
[OK     ] #3b sec/submissions-page         366,519 bytes
[OK     ] #3b sec/submissions-page         355,179 bytes
[OK     ] #3b sec/submissions-page         353,144 bytes
[OK     ] #3b sec/submissions-page         346,053 bytes
[OK     ] #3b sec/submissions-page         349,326 bytes
[OK     ] #3b sec/submissions-page         353,001 bytes
[OK     ] #3b sec/submissions-page         344,405 bytes
[OK     ] #3b sec/submissions-page         353,360 bytes
[OK     ] #3b sec/submissions-page         348,684 bytes
[OK     ] #3b sec/submissions-page         357,846 bytes
[OK     ] #3b sec/submissions-page         352,646 bytes
[OK     ] #3b sec/submissions-page         343,540 bytes
[OK     ] #3b sec/submissions-page         336,352 bytes
[OK     ] #3b sec/submissions-page         336,667 bytes
[OK     ] #3b sec/submissions-page         333,937 bytes
[OK     ] #3b sec/submissions-page         340,037 bytes
[OK     ] #3b sec/submissions-page         339,630 bytes
[OK     ] #3b sec/submissions-page         336,560 bytes
[OK     ] #3b sec/submissions-page         335,776 bytes
[OK     ] #3b sec/submissions-page         332,209 bytes
[OK     ] #3b sec/submissions-page         330,794 bytes
[OK     ] #3b sec/submissions-page         325,217 bytes
[OK     ] #3b sec/submissions-page         325,483 bytes
[OK     ] #3b sec/submissions-page         311,200 bytes
[OK     ] #3b sec/submissions-page         75,033 bytes
  200 fetched, 0 cached, 2 failed, 1444 s
[OK     ] #3b sec/submissions              164,452 bytes
[OK     ] #3b sec/submissions-page         124,838 bytes
[OK     ] #3b sec/submissions              161,362 bytes
[OK     ] #3b sec/submissions-page         312,882 bytes
[OK     ] #3b sec/submissions-page         97,930 bytes
[OK     ] #3b sec/submissions              161,778 bytes
[OK     ] #3b sec/submissions-page         179,638 bytes
[OK     ] #3b sec/submissions              159,167 bytes
[OK     ] #3b sec/submissions-page         256,682 bytes
[OK     ] #3b sec/submissions              147,432 bytes
[OK     ] #3b sec/submissions-page         287,900 bytes
[OK     ] #3b sec/submissions              162,892 bytes
[OK     ] #3b sec/submissions-page         122,814 bytes
[OK     ] #3b sec/submissions              158,788 bytes
[OK     ] #3b sec/submissions-page         310,842 bytes
[OK     ] #3b sec/submissions-page         48,972 bytes
[OK     ] #3b sec/submissions              155,100 bytes
[OK     ] #3b sec/submissions-page         310,095 bytes
[OK     ] #3b sec/submissions-page         175,927 bytes
[OK     ] #3b sec/submissions              159,083 bytes
[OK     ] #3b sec/submissions-page         301,940 bytes
[OK     ] #3b sec/submissions              155,753 bytes
[OK     ] #3b sec/submissions-page         302,587 bytes
[OK     ] #3b sec/submissions-page         15,567 bytes
[OK     ] #3b sec/submissions              160,215 bytes
[OK     ] #3b sec/submissions-page         307,495 bytes
[OK     ] #3b sec/submissions-page         307,985 bytes
[OK     ] #3b sec/submissions-page         306,208 bytes
[OK     ] #3b sec/submissions-page         303,673 bytes
[OK     ] #3b sec/submissions-page         192,828 bytes
[OK     ] #3b sec/submissions              158,215 bytes
[OK     ] #3b sec/submissions-page         179,386 bytes
[OK     ] #3b sec/submissions              159,397 bytes
[OK     ] #3b sec/submissions-page         309,373 bytes
[OK     ] #3b sec/submissions-page         136,067 bytes
[OK     ] #3b sec/submissions              160,440 bytes
[OK     ] #3b sec/submissions-page         316,818 bytes
[OK     ] #3b sec/submissions-page         28,408 bytes
[OK     ] #3b sec/submissions              157,132 bytes
[OK     ] #3b sec/submissions-page         313,429 bytes
[OK     ] #3b sec/submissions-page         63,500 bytes
[OK     ] #3b sec/submissions              125,449 bytes
[OK     ] #3b sec/submissions              160,007 bytes
[OK     ] #3b sec/submissions-page         318,780 bytes
[OK     ] #3b sec/submissions-page         142,399 bytes
[OK     ] #3b sec/submissions              149,562 bytes
[OK     ] #3b sec/submissions-page         252,518 bytes
[OK     ] #3b sec/submissions              168,149 bytes
[OK     ] #3b sec/submissions-page         322,614 bytes
[OK     ] #3b sec/submissions-page         100,601 bytes
[OK     ] #3b sec/submissions              164,057 bytes
[OK     ] #3b sec/submissions-page         329,585 bytes
[OK     ] #3b sec/submissions-page         17,736 bytes
[OK     ] #3b sec/submissions              163,945 bytes
[OK     ] #3b sec/submissions-page         261,719 bytes
[OK     ] #3b sec/submissions              160,123 bytes
[OK     ] #3b sec/submissions-page         98,692 bytes
[OK     ] #3b sec/submissions              165,198 bytes
[OK     ] #3b sec/submissions-page         168,498 bytes
[OK     ] #3b sec/submissions              161,786 bytes
[OK     ] #3b sec/submissions-page         248,603 bytes
[OK     ] #3b sec/submissions              170,714 bytes
[OK     ] #3b sec/submissions-page         173,452 bytes
  225 fetched, 0 cached, 2 failed, 1582 s
[OK     ] #3b sec/submissions              164,040 bytes
[OK     ] #3b sec/submissions-page         328,335 bytes
[OK     ] #3b sec/submissions-page         28,247 bytes
[OK     ] #3b sec/submissions              159,852 bytes
[OK     ] #3b sec/submissions-page         240,329 bytes
[OK     ] #3b sec/submissions              157,574 bytes
[OK     ] #3b sec/submissions-page         148,747 bytes
[OK     ] #3b sec/submissions              147,714 bytes
[OK     ] #3b sec/submissions-page         284,559 bytes
[OK     ] #3b sec/submissions-page         55,605 bytes
[OK     ] #3b sec/submissions              147,854 bytes
[OK     ] #3b sec/submissions-page         149,601 bytes
[OK     ] #3b sec/submissions              163,159 bytes
[OK     ] #3b sec/submissions-page         229,254 bytes
[OK     ] #3b sec/submissions              162,857 bytes
[OK     ] #3b sec/submissions-page         176,988 bytes
[OK     ] #3b sec/submissions              157,403 bytes
[OK     ] #3b sec/submissions-page         309,083 bytes
[OK     ] #3b sec/submissions-page         11,872 bytes
[OK     ] #3b sec/submissions              161,687 bytes
[OK     ] #3b sec/submissions-page         310,706 bytes
[OK     ] #3b sec/submissions-page         48,328 bytes
[OK     ] #3b sec/submissions              172,064 bytes
[OK     ] #3b sec/submissions-page         237,204 bytes
[OK     ] #3b sec/submissions              159,624 bytes
[OK     ] #3b sec/submissions-page         239,612 bytes
[OK     ] #3b sec/submissions              161,265 bytes
[OK     ] #3b sec/submissions-page         32,765 bytes
[OK     ] #3b sec/submissions              159,229 bytes
[OK     ] #3b sec/submissions-page         323,998 bytes
[OK     ] #3b sec/submissions-page         38,798 bytes
[OK     ] #3b sec/submissions              161,480 bytes
[OK     ] #3b sec/submissions-page         152,118 bytes
[OK     ] #3b sec/submissions              183,845 bytes
[OK     ] #3b sec/submissions-page         310,929 bytes
[OK     ] #3b sec/submissions-page         124,508 bytes
[OK     ] #3b sec/submissions              159,647 bytes
[OK     ] #3b sec/submissions-page         316,224 bytes
[OK     ] #3b sec/submissions              159,995 bytes
[OK     ] #3b sec/submissions-page         315,913 bytes
[OK     ] #3b sec/submissions-page         92,563 bytes
[OK     ] #3b sec/submissions              153,123 bytes
[OK     ] #3b sec/submissions-page         100,571 bytes
[OK     ] #3b sec/submissions              160,357 bytes
[OK     ] #3b sec/submissions-page         239,195 bytes
[OK     ] #3b sec/submissions              174,412 bytes
[OK     ] #3b sec/submissions-page         165,018 bytes
[OK     ] #3b sec/submissions              158,732 bytes
[OK     ] #3b sec/submissions-page         296,954 bytes
[OK     ] #3b sec/submissions-page         2,398 bytes
[OK     ] #3b sec/submissions              3,917,456 bytes
[OK     ] #3b sec/submissions-page         399,096 bytes
[OK     ] #3b sec/submissions-page         425,570 bytes
[OK     ] #3b sec/submissions-page         403,018 bytes
[OK     ] #3b sec/submissions-page         407,090 bytes
[OK     ] #3b sec/submissions-page         395,831 bytes
[OK     ] #3b sec/submissions-page         401,354 bytes
[OK     ] #3b sec/submissions-page         393,458 bytes
[OK     ] #3b sec/submissions-page         391,417 bytes
[OK     ] #3b sec/submissions-page         390,547 bytes
[OK     ] #3b sec/submissions-page         385,988 bytes
[OK     ] #3b sec/submissions-page         390,141 bytes
[OK     ] #3b sec/submissions-page         377,602 bytes
[OK     ] #3b sec/submissions-page         382,482 bytes
[OK     ] #3b sec/submissions-page         383,157 bytes
[OK     ] #3b sec/submissions-page         376,911 bytes
[OK     ] #3b sec/submissions-page         367,619 bytes
[OK     ] #3b sec/submissions-page         374,344 bytes
[OK     ] #3b sec/submissions-page         377,219 bytes
[OK     ] #3b sec/submissions-page         375,195 bytes
[OK     ] #3b sec/submissions-page         374,705 bytes
[OK     ] #3b sec/submissions-page         361,377 bytes
[OK     ] #3b sec/submissions-page         373,333 bytes
[OK     ] #3b sec/submissions-page         372,380 bytes
[OK     ] #3b sec/submissions-page         372,631 bytes
[OK     ] #3b sec/submissions-page         367,506 bytes
[OK     ] #3b sec/submissions-page         342,634 bytes
[OK     ] #3b sec/submissions-page         335,035 bytes
[OK     ] #3b sec/submissions-page         343,726 bytes
[OK     ] #3b sec/submissions-page         340,734 bytes
[OK     ] #3b sec/submissions-page         333,722 bytes
[OK     ] #3b sec/submissions-page         330,865 bytes
[OK     ] #3b sec/submissions-page         326,217 bytes
[OK     ] #3b sec/submissions-page         339,765 bytes
[OK     ] #3b sec/submissions-page         329,327 bytes
[OK     ] #3b sec/submissions-page         333,666 bytes
[OK     ] #3b sec/submissions-page         330,210 bytes
[OK     ] #3b sec/submissions-page         330,550 bytes
[OK     ] #3b sec/submissions-page         328,686 bytes
[OK     ] #3b sec/submissions-page         327,035 bytes
[OK     ] #3b sec/submissions-page         328,691 bytes
[OK     ] #3b sec/submissions-page         313,550 bytes
[OK     ] #3b sec/submissions-page         322,611 bytes
[OK     ] #3b sec/submissions-page         323,900 bytes
[OK     ] #3b sec/submissions-page         258,317 bytes
[OK     ] #3b sec/submissions              183,869 bytes
[OK     ] #3b sec/submissions-page         307,510 bytes
[OK     ] #3b sec/submissions-page         233,101 bytes
[OK     ] #3b sec/submissions              168,403 bytes
[OK     ] #3b sec/submissions-page         311,857 bytes
[OK     ] #3b sec/submissions              158,482 bytes
[OK     ] #3b sec/submissions-page         309,944 bytes
[OK     ] #3b sec/submissions-page         279,526 bytes
  250 fetched, 0 cached, 2 failed, 1986 s
[OK     ] #3b sec/submissions              159,931 bytes
[OK     ] #3b sec/submissions-page         302,430 bytes
[OK     ] #3b sec/submissions-page         91,535 bytes
[OK     ] #3b sec/submissions              172,453 bytes
[OK     ] #3b sec/submissions-page         109,672 bytes
[OK     ] #3b sec/submissions              163,893 bytes
[OK     ] #3b sec/submissions-page         285,395 bytes
[OK     ] #3b sec/submissions              156,859 bytes
[OK     ] #3b sec/submissions-page         299,840 bytes
[OK     ] #3b sec/submissions              164,728 bytes
[OK     ] #3b sec/submissions-page         282,238 bytes
[OK     ] #3b sec/submissions              158,960 bytes
[OK     ] #3b sec/submissions-page         220,490 bytes
[OK     ] #3b sec/submissions              165,896 bytes
[OK     ] #3b sec/submissions-page         85,152 bytes
[OK     ] #3b sec/submissions              157,371 bytes
[OK     ] #3b sec/submissions-page         316,543 bytes
[OK     ] #3b sec/submissions-page         128,079 bytes
[OK     ] #3b sec/submissions              163,513 bytes
[OK     ] #3b sec/submissions-page         321,045 bytes
[OK     ] #3b sec/submissions-page         23,852 bytes
[OK     ] #3b sec/submissions              173,370 bytes
[OK     ] #3b sec/submissions-page         327,391 bytes
[OK     ] #3b sec/submissions-page         37,162 bytes
[OK     ] #3b sec/submissions              173,726 bytes
[OK     ] #3b sec/submissions-page         311,520 bytes
[OK     ] #3b sec/submissions-page         48,869 bytes
[OK     ] #3b sec/submissions              159,997 bytes
[OK     ] #3b sec/submissions-page         246,026 bytes
[OK     ] #3b sec/submissions              160,294 bytes
[OK     ] #3b sec/submissions-page         316,195 bytes
[OK     ] #3b sec/submissions-page         5,199 bytes
[OK     ] #3b sec/submissions              156,092 bytes
[OK     ] #3b sec/submissions-page         323,068 bytes
[OK     ] #3b sec/submissions-page         29,675 bytes
[OK     ] #3b sec/submissions              158,736 bytes
[OK     ] #3b sec/submissions-page         92,962 bytes
[OK     ] #3b sec/submissions              148,916 bytes
[OK     ] #3b sec/submissions-page         300,097 bytes
[OK     ] #3b sec/submissions-page         224,191 bytes
[OK     ] #3b sec/submissions              157,415 bytes
[OK     ] #3b sec/submissions-page         214,555 bytes
[OK     ] #3b sec/submissions              162,674 bytes
[OK     ] #3b sec/submissions-page         317,869 bytes
[OK     ] #3b sec/submissions-page         188,003 bytes
[OK     ] #3b sec/submissions              157,640 bytes
[OK     ] #3b sec/submissions-page         139,272 bytes
[OK     ] #3b sec/submissions              159,899 bytes
[OK     ] #3b sec/submissions-page         237,145 bytes
[OK     ] #3b sec/submissions              161,440 bytes
[OK     ] #3b sec/submissions-page         82,630 bytes
[OK     ] #3b sec/submissions              165,806 bytes
[OK     ] #3b sec/submissions-page         210,746 bytes
[OK     ] #3b sec/submissions              160,800 bytes
[OK     ] #3b sec/submissions-page         196,655 bytes
[OK     ] #3b sec/submissions              164,287 bytes
[OK     ] #3b sec/submissions-page         147,067 bytes
[OK     ] #3b sec/submissions              154,103 bytes
[OK     ] #3b sec/submissions-page         96,726 bytes
  275 fetched, 0 cached, 2 failed, 2212 s
[OK     ] #3b sec/submissions              156,815 bytes
[OK     ] #3b sec/submissions-page         115,507 bytes
[OK     ] #3b sec/submissions              167,082 bytes
[OK     ] #3b sec/submissions-page         342,010 bytes
[OK     ] #3b sec/submissions-page         97,639 bytes
[OK     ] #3b sec/submissions              157,110 bytes
[OK     ] #3b sec/submissions-page         233,750 bytes
[OK     ] #3b sec/submissions              158,561 bytes
[OK     ] #3b sec/submissions-page         205,642 bytes
[OK     ] #3b sec/submissions              160,090 bytes
[OK     ] #3b sec/submissions-page         277,878 bytes
[OK     ] #3b sec/submissions              156,643 bytes
[OK     ] #3b sec/submissions-page         273,373 bytes
[OK     ] #3b sec/submissions              157,437 bytes
[OK     ] #3b sec/submissions-page         104,202 bytes
[OK     ] #3b sec/submissions              165,899 bytes
[OK     ] #3b sec/submissions-page         150,482 bytes
[OK     ] #3b sec/submissions              141,353 bytes
[OK     ] #3b sec/submissions-page         307,635 bytes
[OK     ] #3b sec/submissions-page         233,629 bytes
[OK     ] #3b sec/submissions              165,255 bytes
[OK     ] #3b sec/submissions-page         329,683 bytes
[OK     ] #3b sec/submissions-page         20,111 bytes
[OK     ] #3b sec/submissions              149,972 bytes
[OK     ] #3b sec/submissions-page         293,956 bytes
[OK     ] #3b sec/submissions              155,191 bytes
[OK     ] #3b sec/submissions-page         170,182 bytes
[OK     ] #3b sec/submissions              162,290 bytes
[OK     ] #3b sec/submissions-page         323,702 bytes
[OK     ] #3b sec/submissions-page         8,755 bytes
[OK     ] #3b sec/submissions              145,938 bytes
[OK     ] #3b sec/submissions-page         285,629 bytes
[OK     ] #3b sec/submissions-page         284,438 bytes
[OK     ] #3b sec/submissions-page         245,614 bytes
[OK     ] #3b sec/submissions              161,009 bytes
[OK     ] #3b sec/submissions-page         323,683 bytes
[OK     ] #3b sec/submissions-page         323,395 bytes
[OK     ] #3b sec/submissions-page         157,008 bytes
[OK     ] #3b sec/submissions              155,782 bytes
[OK     ] #3b sec/submissions-page         314,548 bytes
[OK     ] #3b sec/submissions-page         188,066 bytes
[OK     ] #3b sec/submissions              172,411 bytes
[OK     ] #3b sec/submissions-page         312,577 bytes
[OK     ] #3b sec/submissions-page         56,529 bytes
[OK     ] #3b sec/submissions              165,206 bytes
[OK     ] #3b sec/submissions-page         131,971 bytes
[OK     ] #3b sec/submissions              156,028 bytes
[OK     ] #3b sec/submissions-page         310,237 bytes
[OK     ] #3b sec/submissions              159,855 bytes
[OK     ] #3b sec/submissions-page         315,093 bytes
[OK     ] #3b sec/submissions-page         312,193 bytes
[OK     ] #3b sec/submissions-page         78,066 bytes
[OK     ] #3b sec/submissions              153,513 bytes
[OK     ] #3b sec/submissions-page         316,912 bytes
[OK     ] #3b sec/submissions-page         30,081 bytes
[OK     ] #3b sec/submissions              163,092 bytes
[OK     ] #3b sec/submissions-page         256,584 bytes
[OK     ] #3b sec/submissions              169,173 bytes
[OK     ] #3b sec/submissions-page         107,918 bytes
[OK     ] #3b sec/submissions              158,749 bytes
[OK     ] #3b sec/submissions-page         310,701 bytes
[OK     ] #3b sec/submissions-page         309,908 bytes
[OK     ] #3b sec/submissions-page         82,239 bytes
[OK     ] #3b sec/submissions              156,842 bytes
[OK     ] #3b sec/submissions-page         314,759 bytes
[OK     ] #3b sec/submissions-page         150,236 bytes
  300 fetched, 0 cached, 2 failed, 2448 s
[OK     ] #3b sec/submissions              165,582 bytes
[OK     ] #3b sec/submissions-page         61,651 bytes
[OK     ] #3b sec/submissions              157,784 bytes
[OK     ] #3b sec/submissions-page         149,271 bytes
[OK     ] #3b sec/submissions              160,583 bytes
[OK     ] #3b sec/submissions-page         177,061 bytes
[OK     ] #3b sec/submissions              166,766 bytes
[OK     ] #3b sec/submissions-page         222,912 bytes
[OK     ] #3b sec/submissions              161,945 bytes
[OK     ] #3b sec/submissions-page         193,964 bytes
[OK     ] #3b sec/submissions              159,500 bytes
[OK     ] #3b sec/submissions-page         314,226 bytes
[OK     ] #3b sec/submissions-page         313,677 bytes
[OK     ] #3b sec/submissions-page         28,240 bytes
[OK     ] #3b sec/submissions              163,580 bytes
[OK     ] #3b sec/submissions-page         262,151 bytes
[OK     ] #3b sec/submissions              155,912 bytes
[OK     ] #3b sec/submissions-page         194,873 bytes
[OK     ] #3b sec/submissions              154,097 bytes
[OK     ] #3b sec/submissions-page         257,368 bytes
[OK     ] #3b sec/submissions              160,055 bytes
[OK     ] #3b sec/submissions-page         236,758 bytes
[OK     ] #3b sec/submissions              152,051 bytes
[OK     ] #3b sec/submissions-page         288,041 bytes
[OK     ] #3b sec/submissions-page         113,317 bytes
[OK     ] #3b sec/submissions              153,957 bytes
[OK     ] #3b sec/submissions-page         53,433 bytes
[OK     ] #3b sec/submissions              160,662 bytes
[OK     ] #3b sec/submissions-page         125,601 bytes
[OK     ] #3b sec/submissions              148,843 bytes
[OK     ] #3b sec/submissions-page         300,111 bytes
[OK     ] #3b sec/submissions-page         66,842 bytes
[OK     ] #3b sec/submissions              167,990 bytes
[OK     ] #3b sec/submissions-page         192,513 bytes
[OK     ] #3b sec/submissions              156,006 bytes
[OK     ] #3b sec/submissions-page         226,574 bytes
[OK     ] #3b sec/submissions              160,534 bytes
[OK     ] #3b sec/submissions-page         310,496 bytes
[OK     ] #3b sec/submissions-page         40,515 bytes
[OK     ] #3b sec/submissions              163,249 bytes
[OK     ] #3b sec/submissions-page         102,131 bytes
[OK     ] #3b sec/submissions              158,255 bytes
[OK     ] #3b sec/submissions-page         123,150 bytes
[OK     ] #3b sec/submissions              155,861 bytes
[OK     ] #3b sec/submissions-page         136,525 bytes
[OK     ] #3b sec/submissions              161,213 bytes
[OK     ] #3b sec/submissions-page         225,146 bytes
[OK     ] #3b sec/submissions              158,783 bytes
[OK     ] #3b sec/submissions-page         310,929 bytes
[OK     ] #3b sec/submissions-page         62,698 bytes
[OK     ] #3b sec/submissions              149,712 bytes
[OK     ] #3b sec/submissions-page         288,261 bytes
[OK     ] #3b sec/submissions              159,009 bytes
[OK     ] #3b sec/submissions-page         117,908 bytes
[OK     ] #3b sec/submissions              157,643 bytes
[OK     ] #3b sec/submissions-page         130,462 bytes
  325 fetched, 0 cached, 2 failed, 2622 s
[OK     ] #3b sec/submissions              160,127 bytes
[OK     ] #3b sec/submissions-page         152,561 bytes
[OK     ] #3b sec/submissions              161,871 bytes
[OK     ] #3b sec/submissions-page         182,073 bytes
[OK     ] #3b sec/submissions              159,086 bytes
[OK     ] #3b sec/submissions-page         291,168 bytes
[OK     ] #3b sec/submissions-page         128,315 bytes
[OK     ] #3b sec/submissions              159,638 bytes
[OK     ] #3b sec/submissions-page         244,915 bytes
[OK     ] #3b sec/submissions              158,102 bytes
[OK     ] #3b sec/submissions-page         314,836 bytes
[OK     ] #3b sec/submissions              162,465 bytes
[OK     ] #3b sec/submissions-page         239,606 bytes
[OK     ] #3b sec/submissions              160,459 bytes
[OK     ] #3b sec/submissions-page         237,415 bytes
[OK     ] #3b sec/submissions              158,129 bytes
[OK     ] #3b sec/submissions-page         254,689 bytes
[OK     ] #3b sec/submissions              158,076 bytes
[OK     ] #3b sec/submissions-page         152,677 bytes
[OK     ] #3b sec/submissions              162,929 bytes
[OK     ] #3b sec/submissions-page         316,059 bytes
[OK     ] #3b sec/submissions-page         96,412 bytes
[OK     ] #3b sec/submissions              158,532 bytes
[OK     ] #3b sec/submissions-page         199,065 bytes
[OK     ] #3b sec/submissions              159,586 bytes
[OK     ] #3b sec/submissions-page         225,810 bytes
[OK     ] #3b sec/submissions              156,698 bytes
[OK     ] #3b sec/submissions-page         313,724 bytes
[OK     ] #3b sec/submissions-page         294,086 bytes
[OK     ] #3b sec/submissions-page         63,252 bytes
[OK     ] #3b sec/submissions              157,579 bytes
[OK     ] #3b sec/submissions-page         159,841 bytes
[OK     ] #3b sec/submissions              164,144 bytes
[OK     ] #3b sec/submissions-page         181,789 bytes
[OK     ] #3b sec/submissions              172,902 bytes
[OK     ] #3b sec/submissions-page         312,338 bytes
[OK     ] #3b sec/submissions-page         264,553 bytes
[OK     ] #3b sec/submissions              157,658 bytes
[OK     ] #3b sec/submissions-page         315,589 bytes
[OK     ] #3b sec/submissions-page         9,625 bytes
[OK     ] #3b sec/submissions              107,691 bytes
[OK     ] #3b sec/submissions              179,573 bytes
[OK     ] #3b sec/submissions-page         278,025 bytes
[OK     ] #3b sec/submissions              163,286 bytes
[OK     ] #3b sec/submissions-page         291,809 bytes
[OK     ] #3b sec/submissions-page         304,892 bytes
[OK     ] #3b sec/submissions-page         292,883 bytes
[OK     ] #3b sec/submissions-page         180,449 bytes
[OK     ] #3b sec/submissions              161,039 bytes
[OK     ] #3b sec/submissions-page         225,182 bytes
[OK     ] #3b sec/submissions              157,779 bytes
[OK     ] #3b sec/submissions-page         310,775 bytes
[OK     ] #3b sec/submissions-page         169,648 bytes
[OK     ] #3b sec/submissions              160,299 bytes
[OK     ] #3b sec/submissions-page         165,238 bytes
[OK     ] #3b sec/submissions              163,324 bytes
[OK     ] #3b sec/submissions-page         292,597 bytes
[OK     ] #3b sec/submissions              160,688 bytes
[OK     ] #3b sec/submissions-page         312,186 bytes
[OK     ] #3b sec/submissions-page         47,517 bytes
  350 fetched, 0 cached, 2 failed, 2860 s
[OK     ] #3b sec/submissions              159,395 bytes
[OK     ] #3b sec/submissions-page         313,530 bytes
[OK     ] #3b sec/submissions-page         310,023 bytes
[OK     ] #3b sec/submissions-page         290,952 bytes
[OK     ] #3b sec/submissions-page         140,361 bytes
[OK     ] #3b sec/submissions              167,599 bytes
[OK     ] #3b sec/submissions-page         270,591 bytes
[OK     ] #3b sec/submissions              167,601 bytes
[OK     ] #3b sec/submissions-page         200,404 bytes
[OK     ] #3b sec/submissions              168,180 bytes
[OK     ] #3b sec/submissions-page         40,204 bytes
[OK     ] #3b sec/submissions              156,873 bytes
[OK     ] #3b sec/submissions-page         136,714 bytes
[OK     ] #3b sec/submissions              167,784 bytes
[OK     ] #3b sec/submissions-page         317,618 bytes
[OK     ] #3b sec/submissions-page         316,863 bytes
[OK     ] #3b sec/submissions-page         134,754 bytes
[OK     ] #3b sec/submissions              163,763 bytes
[OK     ] #3b sec/submissions-page         295,613 bytes
[OK     ] #3b sec/submissions-page         141,856 bytes
[OK     ] #3b sec/submissions              164,973 bytes
[OK     ] #3b sec/submissions-page         135,561 bytes
[OK     ] #3b sec/submissions              149,794 bytes
[OK     ] #3b sec/submissions-page         245,204 bytes
[OK     ] #3b sec/submissions              158,366 bytes
[OK     ] #3b sec/submissions-page         230,082 bytes
[OK     ] #3b sec/submissions              158,022 bytes
[OK     ] #3b sec/submissions-page         147,547 bytes
[OK     ] #3b sec/submissions              163,322 bytes
[OK     ] #3b sec/submissions-page         220,283 bytes
[OK     ] #3b sec/submissions              158,637 bytes
[OK     ] #3b sec/submissions-page         313,325 bytes
[OK     ] #3b sec/submissions-page         49,700 bytes
[OK     ] #3b sec/submissions              150,410 bytes
[OK     ] #3b sec/submissions-page         107,175 bytes
[OK     ] #3b sec/submissions              163,293 bytes
[OK     ] #3b sec/submissions-page         247,572 bytes
[OK     ] #3b sec/submissions              163,720 bytes
[OK     ] #3b sec/submissions-page         246,684 bytes
[OK     ] #3b sec/submissions              158,730 bytes
[OK     ] #3b sec/submissions-page         315,602 bytes
[OK     ] #3b sec/submissions-page         112,568 bytes
[OK     ] #3b sec/submissions              171,116 bytes
[OK     ] #3b sec/submissions-page         132,890 bytes
[OK     ] #3b sec/submissions              165,106 bytes
[OK     ] #3b sec/submissions-page         179,449 bytes
[OK     ] #3b sec/submissions              163,658 bytes
[OK     ] #3b sec/submissions-page         228,549 bytes
[OK     ] #3b sec/submissions              158,160 bytes
[OK     ] #3b sec/submissions-page         166,707 bytes
[OK     ] #3b sec/submissions              157,897 bytes
[OK     ] #3b sec/submissions-page         316,731 bytes
[OK     ] #3b sec/submissions-page         31,334 bytes
[OK     ] #3b sec/submissions              161,346 bytes
[OK     ] #3b sec/submissions-page         192,670 bytes
[OK     ] #3b sec/submissions              161,099 bytes
[OK     ] #3b sec/submissions-page         167,466 bytes
[OK     ] #3b sec/submissions              159,080 bytes
[OK     ] #3b sec/submissions-page         271,459 bytes
  375 fetched, 0 cached, 2 failed, 4561 s
[OK     ] #3b sec/submissions              162,138 bytes
[OK     ] #3b sec/submissions-page         114,404 bytes
[OK     ] #3b sec/submissions              165,943 bytes
[OK     ] #3b sec/submissions-page         226,503 bytes
[OK     ] #3b sec/submissions              158,915 bytes
[OK     ] #3b sec/submissions-page         310,816 bytes
[OK     ] #3b sec/submissions-page         207,485 bytes
[OK     ] #3b sec/submissions              162,694 bytes
[OK     ] #3b sec/submissions-page         197,281 bytes
[OK     ] #3b sec/submissions              156,462 bytes
[OK     ] #3b sec/submissions-page         319,438 bytes
[OK     ] #3b sec/submissions-page         96,270 bytes
[OK     ] #3b sec/submissions              148,435 bytes
[OK     ] #3b sec/submissions-page         296,253 bytes
[OK     ] #3b sec/submissions-page         37,425 bytes
[OK     ] #3b sec/submissions              159,778 bytes
[OK     ] #3b sec/submissions-page         92,336 bytes
[OK     ] #3b sec/submissions              155,706 bytes
[OK     ] #3b sec/submissions-page         227,193 bytes
[OK     ] #3b sec/submissions              159,141 bytes
[OK     ] #3b sec/submissions-page         294,066 bytes
[OK     ] #3b sec/submissions-page         274,203 bytes
[OK     ] #3b sec/submissions              159,043 bytes
[OK     ] #3b sec/submissions-page         263,812 bytes
[OK     ] #3b sec/submissions              157,823 bytes
[OK     ] #3b sec/submissions-page         281,977 bytes
[OK     ] #3b sec/submissions              165,392 bytes
[OK     ] #3b sec/submissions-page         202,749 bytes
[OK     ] #3b sec/submissions              162,337 bytes
[OK     ] #3b sec/submissions-page         160,505 bytes
[OK     ] #3b sec/submissions              156,680 bytes
[OK     ] #3b sec/submissions-page         213,136 bytes
[OK     ] #3b sec/submissions              162,449 bytes
[OK     ] #3b sec/submissions-page         262,987 bytes
[OK     ] #3b sec/submissions              157,592 bytes
[OK     ] #3b sec/submissions-page         311,040 bytes
[OK     ] #3b sec/submissions-page         101,140 bytes
[OK     ] #3b sec/submissions              162,900 bytes
[OK     ] #3b sec/submissions-page         316,451 bytes
[OK     ] #3b sec/submissions-page         95,143 bytes
[OK     ] #3b sec/submissions              84,418 bytes
[OK     ] #3b sec/submissions              175,981 bytes
[OK     ] #3b sec/submissions-page         350,814 bytes
[OK     ] #3b sec/submissions-page         312,091 bytes
[OK     ] #3b sec/submissions-page         313,408 bytes
[OK     ] #3b sec/submissions-page         307,539 bytes
[OK     ] #3b sec/submissions-page         185,527 bytes
[OK     ] #3b sec/submissions              161,139 bytes
[OK     ] #3b sec/submissions-page         223,940 bytes
[OK     ] #3b sec/submissions              157,944 bytes
[OK     ] #3b sec/submissions-page         145,703 bytes
[OK     ] #3b sec/submissions              161,669 bytes
[OK     ] #3b sec/submissions-page         319,342 bytes
[OK     ] #3b sec/submissions-page         22,407 bytes
[OK     ] #3b sec/submissions              171,179 bytes
[OK     ] #3b sec/submissions-page         239,909 bytes
[OK     ] #3b sec/submissions              158,181 bytes
[OK     ] #3b sec/submissions-page         257,345 bytes
[OK     ] #3b sec/submissions              155,214 bytes
[OK     ] #3b sec/submissions-page         306,709 bytes
[OK     ] #3b sec/submissions-page         45,254 bytes
  400 fetched, 0 cached, 2 failed, 4683 s
[OK     ] #3b sec/submissions              192,541 bytes
[OK     ] #3b sec/submissions-page         342,743 bytes
[OK     ] #3b sec/submissions-page         373,715 bytes
[OK     ] #3b sec/submissions-page         356,924 bytes
[OK     ] #3b sec/submissions-page         343,435 bytes
[OK     ] #3b sec/submissions-page         330,536 bytes
[OK     ] #3b sec/submissions-page         314,595 bytes
[OK     ] #3b sec/submissions-page         319,532 bytes
[OK     ] #3b sec/submissions-page         301,380 bytes
[OK     ] #3b sec/submissions-page         36,561 bytes
[OK     ] #3b sec/submissions              163,520 bytes
[OK     ] #3b sec/submissions-page         210,559 bytes
[OK     ] #3b sec/submissions              148,203 bytes
[OK     ] #3b sec/submissions-page         302,365 bytes
[OK     ] #3b sec/submissions-page         44,059 bytes
[OK     ] #3b sec/submissions              157,602 bytes
[OK     ] #3b sec/submissions-page         312,929 bytes
[OK     ] #3b sec/submissions-page         220,990 bytes
[OK     ] #3b sec/submissions              158,732 bytes
[OK     ] #3b sec/submissions-page         323,710 bytes
[OK     ] #3b sec/submissions-page         4,420 bytes
[OK     ] #3b sec/submissions              167,685 bytes
[OK     ] #3b sec/submissions-page         122,514 bytes
[OK     ] #3b sec/submissions              159,298 bytes
[OK     ] #3b sec/submissions-page         288,108 bytes
[OK     ] #3b sec/submissions-page         62,295 bytes
[OK     ] #3b sec/submissions              154,912 bytes
[OK     ] #3b sec/submissions-page         249,642 bytes
[OK     ] #3b sec/submissions              152,494 bytes
[OK     ] #3b sec/submissions-page         311,459 bytes
[OK     ] #3b sec/submissions-page         188,356 bytes
[OK     ] #3b sec/submissions              162,232 bytes
[OK     ] #3b sec/submissions-page         316,265 bytes
[OK     ] #3b sec/submissions-page         89,065 bytes
[OK     ] #3b sec/submissions              157,754 bytes
[OK     ] #3b sec/submissions-page         309,878 bytes
[OK     ] #3b sec/submissions-page         102,075 bytes
[OK     ] #3b sec/submissions              103,894 bytes
[OK     ] #3b sec/submissions              159,292 bytes
[OK     ] #3b sec/submissions-page         314,373 bytes
[OK     ] #3b sec/submissions-page         3,049 bytes
[OK     ] #3b sec/submissions              161,525 bytes
[OK     ] #3b sec/submissions-page         149,687 bytes
[OK     ] #3b sec/submissions              163,675 bytes
[OK     ] #3b sec/submissions-page         324,367 bytes
[OK     ] #3b sec/submissions-page         317,471 bytes
[OK     ] #3b sec/submissions-page         228,088 bytes
-> datasets\_manifests\attempts_05_8k.json (1235 attempts)
{
 "universe": 417,
 "fetched": 415,
 "cached": 0,
 "failed": [
  [
   "CCEP",
   "no CIK in the E1.0 fundamentals"
  ],
  [
   "CCU",
   "no CIK in the E1.0 fundamentals"
  ]
 ],
 "seconds": 4767
}
