[state] events_json=True | control=A | dynamics=A | blowoff=dynamic | post_top=decay/40.0 | randomise_eps_quarter=True | depth_mode=centred | volatility_json=True | iv=v21 | observables_json=False | observables=absent (v2 constants)
[ablate] C:\Users\ayesha.gull01\AppData\Local\Programs\Python\Python313\python.exe -u -m tools.phase5.e5_7a_ablation --panel C:\Users\ayesha.gull01\FinPersona\docs\env_v2\generated\v2_1\_panels\sep_phase5_multiple_A_P10-P90.pkl --out C:\Users\ayesha.gull01\FinPersona\docs\env_v2\generated\v2_1\e5_arms\multiple_A_P10-P90 --label multiple_A_P10-P90 --stages add --groups VAL --workers 3 --reuse-base C:\Users\ayesha.gull01\FinPersona\docs\env_v2\generated\v2_1\e5_7a\baseline\ablation.json
[state] events_json=True | control=A | dynamics=A | blowoff=dynamic | post_top=decay/40.0 | randomise_eps_quarter=True | depth_mode=centred | volatility_json=True | iv=v21 | observables_json=False | observables=absent (v2 constants)
[panel] docs\env_v2\generated\v2_1\_panels\sep_phase5_multiple_A_P10-P90.pkl: 320000 rows -> 288000 modelled, 1600 paths; shown 18 fields; groups ['VAL']; BASE 45 cols, FULL 135
[reuse] BASE feature matrix identical to docs\env_v2\generated\v2_1\e5_7a\baseline\ablation.json (hash cb098ea616c5b760); 5 BASE fits reused
[fits] 4 jobs on 3 workers
    BASE+VAL       x     all   R2 +0.4391  (200.2 s)
    BASE+VAL       x     calm  R2 +0.3415  (146.9 s)
    BASE+VAL       logV  all   R2 +0.3988  (218.3 s)
    BASE+VAL       logV  calm  R2 +0.4311  (87.6 s)
wrote C:\Users\ayesha.gull01\FinPersona\docs\env_v2\generated\v2_1\e5_arms\multiple_A_P10-P90\ablation.json in 262.9 s
[ablate] C:\Users\ayesha.gull01\AppData\Local\Programs\Python\Python313\python.exe -u -m tools.phase5.e5_7a_ablation --panel C:\Users\ayesha.gull01\FinPersona\docs\env_v2\generated\v2_1\_panels\sep_phase5_multiple_B_P10-P90.pkl --out C:\Users\ayesha.gull01\FinPersona\docs\env_v2\generated\v2_1\e5_arms\multiple_B_P10-P90 --label multiple_B_P10-P90 --stages add --groups VAL --workers 3 --reuse-base C:\Users\ayesha.gull01\FinPersona\docs\env_v2\generated\v2_1\e5_7a\baseline\ablation.json
[state] events_json=True | control=A | dynamics=A | blowoff=dynamic | post_top=decay/40.0 | randomise_eps_quarter=True | depth_mode=centred | volatility_json=True | iv=v21 | observables_json=False | observables=absent (v2 constants)
[panel] docs\env_v2\generated\v2_1\_panels\sep_phase5_multiple_B_P10-P90.pkl: 320000 rows -> 288000 modelled, 1600 paths; shown 18 fields; groups ['VAL']; BASE 45 cols, FULL 135
[reuse] BASE feature matrix identical to docs\env_v2\generated\v2_1\e5_7a\baseline\ablation.json (hash cb098ea616c5b760); 5 BASE fits reused
[fits] 4 jobs on 3 workers
    BASE+VAL       x     all   R2 +0.4251  (218.6 s)
    BASE+VAL       x     calm  R2 +0.3601  (156.8 s)
    BASE+VAL       logV  all   R2 +0.3862  (199.4 s)
    BASE+VAL       logV  calm  R2 +0.4131  (84.5 s)
wrote C:\Users\ayesha.gull01\FinPersona\docs\env_v2\generated\v2_1\e5_arms\multiple_B_P10-P90\ablation.json in 270.2 s
[ablate] C:\Users\ayesha.gull01\AppData\Local\Programs\Python\Python313\python.exe -u -m tools.phase5.e5_7a_ablation --panel C:\Users\ayesha.gull01\FinPersona\docs\env_v2\generated\v2_1\_panels\sep_phase5_multiple_A_P25-P75.pkl --out C:\Users\ayesha.gull01\FinPersona\docs\env_v2\generated\v2_1\e5_arms\multiple_A_P25-P75 --label multiple_A_P25-P75 --stages add --groups VAL --workers 3 --reuse-base C:\Users\ayesha.gull01\FinPersona\docs\env_v2\generated\v2_1\e5_7a\baseline\ablation.json
[state] events_json=True | control=A | dynamics=A | blowoff=dynamic | post_top=decay/40.0 | randomise_eps_quarter=True | depth_mode=centred | volatility_json=True | iv=v21 | observables_json=False | observables=absent (v2 constants)
[panel] docs\env_v2\generated\v2_1\_panels\sep_phase5_multiple_A_P25-P75.pkl: 320000 rows -> 288000 modelled, 1600 paths; shown 18 fields; groups ['VAL']; BASE 45 cols, FULL 135
[reuse] BASE feature matrix identical to docs\env_v2\generated\v2_1\e5_7a\baseline\ablation.json (hash cb098ea616c5b760); 5 BASE fits reused
[fits] 4 jobs on 3 workers
    BASE+VAL       x     all   R2 +0.4826  (185.8 s)
    BASE+VAL       x     calm  R2 +0.3417  (123.8 s)
    BASE+VAL       logV  all   R2 +0.4363  (191.3 s)
    BASE+VAL       logV  calm  R2 +0.4613  (97.0 s)
wrote C:\Users\ayesha.gull01\FinPersona\docs\env_v2\generated\v2_1\e5_arms\multiple_A_P25-P75\ablation.json in 243.2 s
[ablate] C:\Users\ayesha.gull01\AppData\Local\Programs\Python\Python313\python.exe -u -m tools.phase5.e5_7a_ablation --panel C:\Users\ayesha.gull01\FinPersona\docs\env_v2\generated\v2_1\_panels\sep_phase5_multiple_B_P25-P75.pkl --out C:\Users\ayesha.gull01\FinPersona\docs\env_v2\generated\v2_1\e5_arms\multiple_B_P25-P75 --label multiple_B_P25-P75 --stages add --groups VAL --workers 3 --reuse-base C:\Users\ayesha.gull01\FinPersona\docs\env_v2\generated\v2_1\e5_7a\baseline\ablation.json
[state] events_json=True | control=A | dynamics=A | blowoff=dynamic | post_top=decay/40.0 | randomise_eps_quarter=True | depth_mode=centred | volatility_json=True | iv=v21 | observables_json=False | observables=absent (v2 constants)
[panel] docs\env_v2\generated\v2_1\_panels\sep_phase5_multiple_B_P25-P75.pkl: 320000 rows -> 288000 modelled, 1600 paths; shown 18 fields; groups ['VAL']; BASE 45 cols, FULL 135
[reuse] BASE feature matrix identical to docs\env_v2\generated\v2_1\e5_7a\baseline\ablation.json (hash cb098ea616c5b760); 5 BASE fits reused
[fits] 4 jobs on 3 workers
    BASE+VAL       x     all   R2 +0.4279  (207.1 s)
    BASE+VAL       x     calm  R2 +0.3559  (97.2 s)
    BASE+VAL       logV  all   R2 +0.3914  (210.7 s)
    BASE+VAL       logV  calm  R2 +0.4210  (151.1 s)
wrote C:\Users\ayesha.gull01\FinPersona\docs\env_v2\generated\v2_1\e5_arms\multiple_B_P25-P75\ablation.json in 273.3 s
[ablate] C:\Users\ayesha.gull01\AppData\Local\Programs\Python\Python313\python.exe -u -m tools.phase5.e5_7a_ablation --panel C:\Users\ayesha.gull01\FinPersona\docs\env_v2\generated\v2_1\_panels\sep_phase5_multiple_A_P5-P95.pkl --out C:\Users\ayesha.gull01\FinPersona\docs\env_v2\generated\v2_1\e5_arms\multiple_A_P5-P95 --label multiple_A_P5-P95 --stages add --groups VAL --workers 3 --reuse-base C:\Users\ayesha.gull01\FinPersona\docs\env_v2\generated\v2_1\e5_7a\baseline\ablation.json
[state] events_json=True | control=A | dynamics=A | blowoff=dynamic | post_top=decay/40.0 | randomise_eps_quarter=True | depth_mode=centred | volatility_json=True | iv=v21 | observables_json=False | observables=absent (v2 constants)
[panel] docs\env_v2\generated\v2_1\_panels\sep_phase5_multiple_A_P5-P95.pkl: 320000 rows -> 288000 modelled, 1600 paths; shown 18 fields; groups ['VAL']; BASE 45 cols, FULL 135
[reuse] BASE feature matrix identical to docs\env_v2\generated\v2_1\e5_7a\baseline\ablation.json (hash cb098ea616c5b760); 5 BASE fits reused
[fits] 4 jobs on 3 workers
    BASE+VAL       x     all   R2 +0.4254  (338.2 s)
    BASE+VAL       x     calm  R2 +0.3438  (222.9 s)
    BASE+VAL       logV  all   R2 +0.3912  (360.3 s)
    BASE+VAL       logV  calm  R2 +0.4229  (179.3 s)
wrote C:\Users\ayesha.gull01\FinPersona\docs\env_v2\generated\v2_1\e5_arms\multiple_A_P5-P95\ablation.json in 458.1 s
[ablate] C:\Users\ayesha.gull01\AppData\Local\Programs\Python\Python313\python.exe -u -m tools.phase5.e5_7a_ablation --panel C:\Users\ayesha.gull01\FinPersona\docs\env_v2\generated\v2_1\_panels\sep_phase5_multiple_B_P5-P95.pkl --out C:\Users\ayesha.gull01\FinPersona\docs\env_v2\generated\v2_1\e5_arms\multiple_B_P5-P95 --label multiple_B_P5-P95 --stages add --groups VAL --workers 3 --reuse-base C:\Users\ayesha.gull01\FinPersona\docs\env_v2\generated\v2_1\e5_7a\baseline\ablation.json
[state] events_json=True | control=A | dynamics=A | blowoff=dynamic | post_top=decay/40.0 | randomise_eps_quarter=True | depth_mode=centred | volatility_json=True | iv=v21 | observables_json=False | observables=absent (v2 constants)
[panel] docs\env_v2\generated\v2_1\_panels\sep_phase5_multiple_B_P5-P95.pkl: 320000 rows -> 288000 modelled, 1600 paths; shown 18 fields; groups ['VAL']; BASE 45 cols, FULL 135
[reuse] BASE feature matrix identical to docs\env_v2\generated\v2_1\e5_7a\baseline\ablation.json (hash cb098ea616c5b760); 5 BASE fits reused
[fits] 4 jobs on 3 workers
    BASE+VAL       x     all   R2 +0.4249  (476.5 s)
    BASE+VAL       x     calm  R2 +0.3623  (311.5 s)
    BASE+VAL       logV  all   R2 +0.3854  (464.5 s)
    BASE+VAL       logV  calm  R2 +0.4131  (187.2 s)
wrote C:\Users\ayesha.gull01\FinPersona\docs\env_v2\generated\v2_1\e5_arms\multiple_B_P5-P95\ablation.json in 540.7 s
[ablate] C:\Users\ayesha.gull01\AppData\Local\Programs\Python\Python313\python.exe -u -m tools.phase5.e5_7a_ablation --panel C:\Users\ayesha.gull01\FinPersona\docs\env_v2\generated\v2_1\_panels\sep_phase5_epsdiv_v21_shown.pkl --out C:\Users\ayesha.gull01\FinPersona\docs\env_v2\generated\v2_1\e5_arms\epsdiv_v21_shown --label epsdiv_v21_shown --stages add --groups VAL --workers 3 --reuse-base C:\Users\ayesha.gull01\FinPersona\docs\env_v2\generated\v2_1\e5_7a\baseline\ablation.json
[state] events_json=True | control=A | dynamics=A | blowoff=dynamic | post_top=decay/40.0 | randomise_eps_quarter=True | depth_mode=centred | volatility_json=True | iv=v21 | observables_json=False | observables=absent (v2 constants)
[panel] docs\env_v2\generated\v2_1\_panels\sep_phase5_epsdiv_v21_shown.pkl: 320000 rows -> 288000 modelled, 1600 paths; shown 19 fields; groups ['VAL']; BASE 45 cols, FULL 141
[reuse] BASE feature matrix identical to docs\env_v2\generated\v2_1\e5_7a\baseline\ablation.json (hash cb098ea616c5b760); 5 BASE fits reused
[fits] 4 jobs on 3 workers
    BASE+VAL       x     all   R2 +0.5034  (206.1 s)
    BASE+VAL       x     calm  R2 +0.3570  (154.1 s)
    BASE+VAL       logV  all   R2 +0.4790  (211.9 s)
    BASE+VAL       logV  calm  R2 +0.4893  (82.5 s)
wrote C:\Users\ayesha.gull01\FinPersona\docs\env_v2\generated\v2_1\e5_arms\epsdiv_v21_shown\ablation.json in 261.4 s
[ablate] C:\Users\ayesha.gull01\AppData\Local\Programs\Python\Python313\python.exe -u -m tools.phase5.e5_7a_ablation --panel C:\Users\ayesha.gull01\FinPersona\docs\env_v2\generated\v2_1\_panels\sep_phase5_epsdiv_v21_hidden.pkl --out C:\Users\ayesha.gull01\FinPersona\docs\env_v2\generated\v2_1\e5_arms\epsdiv_v21_hidden --label epsdiv_v21_hidden --stages add --groups VAL --workers 3 --reuse-base C:\Users\ayesha.gull01\FinPersona\docs\env_v2\generated\v2_1\e5_7a\baseline\ablation.json
[state] events_json=True | control=A | dynamics=A | blowoff=dynamic | post_top=decay/40.0 | randomise_eps_quarter=True | depth_mode=centred | volatility_json=True | iv=v21 | observables_json=False | observables=absent (v2 constants)
[panel] docs\env_v2\generated\v2_1\_panels\sep_phase5_epsdiv_v21_hidden.pkl: 320000 rows -> 288000 modelled, 1600 paths; shown 18 fields; groups ['VAL']; BASE 45 cols, FULL 135
[reuse] BASE feature matrix identical to docs\env_v2\generated\v2_1\e5_7a\baseline\ablation.json (hash cb098ea616c5b760); 5 BASE fits reused
[fits] 4 jobs on 3 workers
    BASE+VAL       x     all   R2 +0.4652  (183.5 s)
    BASE+VAL       x     calm  R2 +0.3444  (108.3 s)
    BASE+VAL       logV  all   R2 +0.4561  (192.2 s)
    BASE+VAL       logV  calm  R2 +0.4621  (100.8 s)
wrote C:\Users\ayesha.gull01\FinPersona\docs\env_v2\generated\v2_1\e5_arms\epsdiv_v21_hidden\ablation.json in 228.1 s
