[state] events_json=True | control=A | dynamics=A | blowoff=dynamic | post_top=decay/40.0 | randomise_eps_quarter=True | depth_mode=centred | volatility_json=True | iv=v21 | observables_json=True | observables=multiple=B eps=v21 dividend=v21/shown analyst=C/shown sentiment=A volume=A
[after_state] checklist ...
paths built: 4520 in 674 s
 item                                                     property  pass
    1 No linear autocorrelation of returns in calm phases (Cont 1)  True
    2                                      Heavy tails (Cont 2, 7) False
    3                               Volatility clustering (Cont 6) False
    4                                     Decay of ACF|r| (Cont 8)  None
    5                                GARCH persistence recoverable  True
    6                                     Leverage effect (Cont 9) False
    7                                  Volume-volatility (Cont 10)  True
    8                        Gain/loss asymmetry in crash (Cont 3) False
    9                           Mispricing persistence (FW regime) False
   10                                                Delta matters False
   11                                 Bubble shape and populations False
   12                                           Sentiment dynamics False
   13                                                   IV realism False
   14                                                   Value leak  None
   15                                      Phase/time separability  True
   16                                        Composite phase clock  None
   17                                                 Conditioning False
   18                                         Start design applied  None
   19                                    Action-space reachability  None
   20                                                   Magnitudes  True
 item                             property  n_statistics population  n_gen  B_pass  C_pass  B_undecidable_at_n
    1 No linear autocorrelation of returns             2        all   3000   False   False               False
    2                          Heavy tails             3        all   3000   False    True               False
    3                Volatility clustering             4        all   3000   False   False               False
    4        Decay of ACF|r| (descriptive)             5        all   3000   False   False               False
    5                    GARCH persistence             3        all   3000   False   False               False
    6                      Leverage effect             2        all   3000   False   False               False
    7                    Volume-volatility             3        all   3000   False   False               False
    8         Gain/loss asymmetry in crash             2      crash   1500   False    True               False
   20                           Magnitudes             3      crash   1500   False   False               False
reference checklist: 372 s
T = 800: ACF(1) of x 0.9642, half-life 19.0 d, sd(x) 0.0568
T = 2000: ACF(1) of x 0.9673, half-life 20.8 d, sd(x) 0.0647
checklist stage: 2307 s
[after_state] checklist: 2327 s
