95 configurations hashed -> docs/env_v2/generated/v2_1/path_hashes_phase5_v2check.json
{
 "n_configs": 95,
 "changed_non_analyst": [
  [
   {
    "scenario": "sustained_bull",
    "n_days": 200,
    "seed": 0
   },
   "price"
  ],
  [
   {
    "scenario": "sustained_bull",
    "n_days": 200,
    "seed": 0
   },
   "fundamental_value"
  ],
  [
   {
    "scenario": "sustained_bull",
    "n_days": 200,
    "seed": 0
   },
   "x"
  ],
  [
   {
    "scenario": "sustained_bull",
    "n_days": 200,
    "seed": 0
   },
   "news_sentiment"
  ],
  [
   {
    "scenario": "sustained_bull",
    "n_days": 200,
    "seed": 0
   },
   "SMA20"
  ],
  [
   {
    "scenario": "sustained_bull",
    "n_days": 200,
    "seed": 0
   },
   "SMA50"
  ],
  [
   {
    "scenario": "sustained_bull",
    "n_days": 200,
    "seed": 0
   },
   "RSI14"
  ],
  [
   {
    "scenario": "sustained_bull",
    "n_days": 200,
    "seed": 0
   },
   "MACD"
  ],
  [
   {
    "scenario": "sustained_bull",
    "n_days": 200,
    "seed": 0
   },
   "MACD_signal"
  ],
  [
   {
    "scenario": "sustained_bull",
    "n_days": 200,
    "seed": 0
   },
   "trend_strength"
  ],
  [
   {
    "scenario": "sustained_bull",
    "n_days": 200,
    "seed": 0
   },
   "trend_regime"
  ],
  [
   {
    "scenario": "sustained_bull",
    "n_days": 200,
    "seed": 0
   },
   "volume"
  ],
  [
   {
    "scenario": "sustained_bull",
    "n_days": 200,
    "seed": 0
   },
   "volume_SMA20"
  ],
  [
   {
    "scenario": "sustained_bull",
    "n_days": 200,
    "seed": 0
   },
   "volume_ratio"
  ],
  [
   {
    "scenario": "sustained_bull",
    "n_days": 200,
    "seed": 0
   },
   "trailing_eps"
  ],
  [
   {
    "scenario": "sustained_bull",
    "n_days": 200,
    "seed": 0
   },
   "last_quarter_eps"
  ],
  [
   {
    "scenario": "sustained_bull",
    "n_days": 200,
    "seed": 0
   },
   "reported_PE"
  ],
  [
   {
    "scenario": "sustained_bull",
    "n_days": 200,
    "seed": 0
   },
   "dps_quarterly"
  ],
  [
   {
    "scenario": "sustained_bull",
    "n_days": 200,
    "seed": 0
   },
   "dividend_yield"
  ],
  [
   {
    "scenario": "sustained_bull",
    "n_days": 200,
    "seed": 0
   },
   "implied_volatility"
  ]
 ],
 "changed_analyst": 14,
 "unchanged_analyst": 176
}
NON-ANALYST CHANGES: 722
