{
 "1": {
  "sigma_limit": 0.0379822015358277,
  "sigma_point": 0.0347598929736085,
  "appA_bonf": 19,
  "paired_bonf": 10,
  "appA_nominal": 10,
  "paired_nominal": 5,
  "appA_bonf_at_point": 16,
  "sigma_bootstrap_ucl90": 0.0372462012484005,
  "appA_bonf_bootstrap": 19,
  "appA_bonf_bootstrap_ucl80": 17,
  "appA_bonf_bootstrap_ucl95": 20,
  "runs_per_contrast_cell_appA_bonf": 38
 },
 "2": {
  "sigma_limit": 0.0356649412792413,
  "sigma_point": 0.0322277133297668,
  "appA_bonf": 17,
  "paired_bonf": 9,
  "appA_nominal": 8,
  "paired_nominal": 4,
  "appA_bonf_at_point": 14,
  "sigma_bootstrap_ucl90": 0.0343869566001121,
  "appA_bonf_bootstrap": 16,
  "appA_bonf_bootstrap_ucl80": 15,
  "appA_bonf_bootstrap_ucl95": 17,
  "runs_per_contrast_cell_appA_bonf": 68
 },
 "3": {
  "sigma_limit": 0.0348622622031018,
  "sigma_point": 0.0313382187662594,
  "appA_bonf": 16,
  "paired_bonf": 8,
  "appA_nominal": 8,
  "paired_nominal": 4,
  "appA_bonf_at_point": 13,
  "sigma_bootstrap_ucl90": 0.0334931883675954,
  "appA_bonf_bootstrap": 15,
  "appA_bonf_bootstrap_ucl80": 14,
  "appA_bonf_bootstrap_ucl95": 16,
  "runs_per_contrast_cell_appA_bonf": 96
 }
}
         metric                                   design  seeds_per_cell  reps  sigma_limit  sigma_point  sigma_bootstrap_ucl90  mdd_appA_bonf  mdd_paired_bonf  mdd_appA_nominal  mdd_paired_nominal  mdd_appA_bonf_bootstrap
       band_mas                   E8.5 (8 seeds, 3 reps)               8     3       0.0349       0.0313                 0.0335         0.0704           0.0498            0.0488              0.0345                   0.0676
       band_mas                  Tier A (5 seeds, 1 rep)               5     1       0.0380       0.0348                 0.0372         0.0970           0.0686            0.0673              0.0476                   0.0951
       band_mas band-MAS-sized (R=1, App. A, Bonferroni)              19     1       0.0380       0.0348                 0.0372         0.0498           0.0352            0.0345              0.0244                   0.0488
 v21_mcr_B_0.05                   E8.5 (8 seeds, 3 reps)               8     3       0.0506       0.0455                 0.0522         0.1022           0.0723            0.0709              0.0502                   0.1054
 v21_mcr_B_0.05                  Tier A (5 seeds, 1 rep)               5     1       0.0538       0.0490                 0.0556         0.1374           0.0971            0.0953              0.0674                   0.1419
 v21_mcr_B_0.05 band-MAS-sized (R=1, App. A, Bonferroni)              19     1       0.0538       0.0490                 0.0556         0.0705           0.0498            0.0489              0.0346                   0.0728
 v21_mcr_D_0.05                   E8.5 (8 seeds, 3 reps)               8     3       0.0230       0.0207                 0.0236         0.0464           0.0328            0.0322              0.0228                   0.0476
 v21_mcr_D_0.05                  Tier A (5 seeds, 1 rep)               5     1       0.0253       0.0232                 0.0259         0.0645           0.0456            0.0448              0.0316                   0.0662
 v21_mcr_D_0.05 band-MAS-sized (R=1, App. A, Bonferroni)              19     1       0.0253       0.0232                 0.0259         0.0331           0.0234            0.0230              0.0162                   0.0340
   v21_mcr_0.05                   E8.5 (8 seeds, 3 reps)               8     3       0.0650       0.0585                 0.0694         0.1313           0.0929            0.0911              0.0644                   0.1402
   v21_mcr_0.05                  Tier A (5 seeds, 1 rep)               5     1       0.0682       0.0620                 0.0725         0.1743           0.1233            0.1209              0.0855                   0.1852
   v21_mcr_0.05 band-MAS-sized (R=1, App. A, Bonferroni)              19     1       0.0682       0.0620                 0.0725         0.0894           0.0632            0.0620              0.0439                   0.0950
v21_mcr_B_0.002                   E8.5 (8 seeds, 3 reps)               8     3       0.0344       0.0309                 0.0330         0.0695           0.0492            0.0482              0.0341                   0.0666
v21_mcr_B_0.002                  Tier A (5 seeds, 1 rep)               5     1       0.0376       0.0344                 0.0369         0.0960           0.0679            0.0666              0.0471                   0.0943
v21_mcr_B_0.002 band-MAS-sized (R=1, App. A, Bonferroni)              19     1       0.0376       0.0344                 0.0369         0.0492           0.0348            0.0341              0.0241                   0.0484
v21_mcr_D_0.002                   E8.5 (8 seeds, 3 reps)               8     3       0.0112       0.0100                 0.0105         0.0226           0.0160            0.0157              0.0111                   0.0211
v21_mcr_D_0.002                  Tier A (5 seeds, 1 rep)               5     1       0.0125       0.0115                 0.0119         0.0319           0.0226            0.0221              0.0157                   0.0305
v21_mcr_D_0.002 band-MAS-sized (R=1, App. A, Bonferroni)              19     1       0.0125       0.0115                 0.0119         0.0164           0.0116            0.0114              0.0080                   0.0157
  v21_mcr_0.002                   E8.5 (8 seeds, 3 reps)               8     3       0.0376       0.0338                 0.0365         0.0759           0.0537            0.0527              0.0372                   0.0737
  v21_mcr_0.002                  Tier A (5 seeds, 1 rep)               5     1       0.0410       0.0376                 0.0402         0.1048           0.0741            0.0727              0.0514                   0.1027
  v21_mcr_0.002 band-MAS-sized (R=1, App. A, Bonferroni)              19     1       0.0410       0.0376                 0.0402         0.0538           0.0380            0.0373              0.0264                   0.0527
       turnover                   E8.5 (8 seeds, 3 reps)               8     3       9.8848       8.8856                 9.5868        19.9602          14.1140           13.8465              9.7910                  19.3585
       turnover                  Tier A (5 seeds, 1 rep)               5     1      10.4756       9.5365                10.2194        26.7571          18.9201           18.5616             13.1250                  26.1026
       turnover band-MAS-sized (R=1, App. A, Bonferroni)              19     1      10.4756       9.5365                10.2194        13.7261           9.7058            9.5219              6.7330                  13.3903
