          candidate  plan_six  E_oracle  E_scripted  rank_oracle  rank_scripted  rank_sum  top_six_share_boot
          garch_set      True    0.0958      0.0857          1.0            1.0       2.0               1.000
               sbar     False    0.0498      0.0547          3.0            3.0       6.0               0.999
               mu_V     False    0.0457      0.0414          4.0            5.0       9.0               0.934
          half_life      True    0.0324      0.0537          8.0            4.0      12.0               0.999
          jump_rate     False    0.0367      0.0155          6.0            6.0      12.0               0.638
            sigma_V      True    0.0264      0.0557         10.0            2.0      12.0               0.992
            jump_sd     False    0.0254      0.0089         11.0            7.0      18.0               0.323
      pe_dispersion      True    0.0332      0.0000          7.0           12.0      19.0               0.068
        div_c_speed     False    0.0557      0.0000          2.0           17.0      19.0               0.004
          blowoff_g     False    0.0083      0.0038         12.0            8.0      20.0               0.024
         analyst_sd      True    0.0275      0.0000          9.0           13.0      22.0               0.011
  sentiment_loading      True    0.0060      0.0021         14.0            9.0      23.0               0.008
            div_tau     False    0.0393      0.0000          5.0           18.0      23.0               0.000
           sent_rho     False    0.0055      0.0012         16.0           10.0      26.0               0.000
            sent_b1     False    0.0052      0.0004         17.0           11.0      28.0               0.000
              s_eps     False    0.0056      0.0000         15.0           14.0      29.0               0.000
           vol_sd_e     False    0.0077      0.0000         13.0           21.0      34.0               0.000
             pe_cap     False    0.0049      0.0000         18.0           16.0      34.0               0.000
             p_loss     False    0.0000      0.0000         21.0           15.0      36.0               0.000
          vol_rho_v     False    0.0010      0.0000         20.0           19.0      39.0               0.000
      vol_beta_absr     False    0.0015      0.0000         19.0           20.0      39.0               0.000
half_life_unmatched     False    0.0349      0.0203          NaN            NaN       NaN                 NaN
{
 "data_driven_six": [
  "garch_set",
  "sbar",
  "mu_V",
  "half_life",
  "sigma_V",
  "jump_rate"
 ],
 "shared_with_plan": [
  "garch_set",
  "half_life",
  "sigma_V"
 ],
 "n_shared": 3,
 "run": "data-driven six",
 "list_run": [
  "garch_set",
  "sbar",
  "mu_V",
  "half_life",
  "sigma_V",
  "jump_rate"
 ],
 "further_cell": [],
 "reason": "the data-driven six share only 3 parameters with the plan's six (REG-16 (i))"
}
