{
 "18.7499": {
  "sd_x_at_sbar_ref": 0.053846060363684264,
  "sbar_matched_sd": 0.01636034609105066,
  "sbar_matched_innov": 0.015087876849108794,
  "sd_x_after_match": 0.061464057096532784
 },
 "32.6393": {
  "sd_x_at_sbar_ref": 0.06933809860879801,
  "sbar_matched_sd": 0.012704994813308898,
  "sbar_matched_innov": 0.015087876849108794,
  "sd_x_after_match": 0.058847273527999414
 }
} target 0.058387286163560835
  [default] 100/400 paths (147 s; ETA 441 s)
  [default] 200/400 paths (221 s; ETA 221 s)
  [default] 300/400 paths (295 s; ETA 98 s)
  [default] 400/400 paths (379 s; ETA 0 s)
{
 "registered": "PREREG_PHASE_9.md 1.3",
 "flat_L5_full_level_free_mcr_0.05": 0.07700798157251569,
 "published": 0.077,
 "row_a_pass": true,
 "rows_compared_with_e6_16a": 2400,
 "worst_abs_diff": 3.608224830031759e-16,
 "row_b_pass": true,
 "pass": true,
 "generated_utc": "2026-09-11T12:34:09Z"
}
  [sigma_V__low] 100/400 paths (111 s; ETA 334 s)
  [sigma_V__low] 200/400 paths (202 s; ETA 202 s)
  [sigma_V__low] 300/400 paths (284 s; ETA 95 s)
  [sigma_V__low] 400/400 paths (358 s; ETA 0 s)
[panels] 1/44 levels done (0.10 h; ETA 4.29 h)
  [sigma_V__high] 100/400 paths (94 s; ETA 282 s)
  [sigma_V__high] 200/400 paths (157 s; ETA 157 s)
  [sigma_V__high] 300/400 paths (230 s; ETA 77 s)
  [sigma_V__high] 400/400 paths (297 s; ETA 0 s)
[panels] 2/44 levels done (0.18 h; ETA 3.83 h)
  [half_life__low] 100/400 paths (84 s; ETA 252 s)
  [half_life__low] 200/400 paths (148 s; ETA 148 s)
  [half_life__low] 300/400 paths (205 s; ETA 68 s)
  [half_life__low] 400/400 paths (264 s; ETA 0 s)
[panels] 3/44 levels done (0.26 h; ETA 3.50 h)
  [half_life_unmatched__low] 100/400 paths (71 s; ETA 213 s)
  [half_life_unmatched__low] 200/400 paths (128 s; ETA 128 s)
  [half_life_unmatched__low] 300/400 paths (184 s; ETA 61 s)
  [half_life_unmatched__low] 400/400 paths (243 s; ETA 0 s)
[panels] 4/44 levels done (0.32 h; ETA 3.24 h)
  [half_life__high] 100/400 paths (71 s; ETA 212 s)
  [half_life__high] 200/400 paths (126 s; ETA 126 s)
  [half_life__high] 300/400 paths (181 s; ETA 60 s)
  [half_life__high] 400/400 paths (245 s; ETA 0 s)
[panels] 5/44 levels done (0.39 h; ETA 3.06 h)
  [half_life_unmatched__high] 100/400 paths (70 s; ETA 211 s)
  [half_life_unmatched__high] 200/400 paths (126 s; ETA 126 s)
  [half_life_unmatched__high] 300/400 paths (182 s; ETA 61 s)
  [half_life_unmatched__high] 400/400 paths (241 s; ETA 0 s)
[panels] 6/44 levels done (0.46 h; ETA 2.91 h)
  [garch_set__low] 100/400 paths (70 s; ETA 211 s)
  [garch_set__low] 200/400 paths (131 s; ETA 131 s)
  [garch_set__low] 300/400 paths (188 s; ETA 63 s)
  [garch_set__low] 400/400 paths (247 s; ETA 0 s)
[panels] 7/44 levels done (0.53 h; ETA 2.79 h)
  [garch_set__high] 100/400 paths (80 s; ETA 240 s)
  [garch_set__high] 200/400 paths (136 s; ETA 136 s)
  [garch_set__high] 300/400 paths (191 s; ETA 64 s)
  [garch_set__high] 400/400 paths (250 s; ETA 0 s)
[panels] 8/44 levels done (0.60 h; ETA 2.69 h)
  [pe_dispersion__low] 100/400 paths (71 s; ETA 213 s)
  [pe_dispersion__low] 200/400 paths (127 s; ETA 127 s)
  [pe_dispersion__low] 300/400 paths (182 s; ETA 61 s)
  [pe_dispersion__low] 400/400 paths (242 s; ETA 0 s)
[panels] 9/44 levels done (0.66 h; ETA 2.59 h)
  [pe_dispersion__high] 100/400 paths (71 s; ETA 212 s)
  [pe_dispersion__high] 200/400 paths (127 s; ETA 127 s)
  [pe_dispersion__high] 300/400 paths (185 s; ETA 62 s)
  [pe_dispersion__high] 400/400 paths (246 s; ETA 0 s)
[panels] 10/44 levels done (0.73 h; ETA 2.49 h)
  [analyst_sd__low] 100/400 paths (69 s; ETA 207 s)
  [analyst_sd__low] 200/400 paths (126 s; ETA 126 s)
  [analyst_sd__low] 300/400 paths (181 s; ETA 60 s)
  [analyst_sd__low] 400/400 paths (238 s; ETA 0 s)
[panels] 11/44 levels done (0.80 h; ETA 2.40 h)
  [analyst_sd__high] 100/400 paths (9177 s; ETA 27532 s)
  [analyst_sd__high] 200/400 paths (9324 s; ETA 9324 s)
  [analyst_sd__high] 300/400 paths (9442 s; ETA 3147 s)
  [analyst_sd__high] 400/400 paths (9651 s; ETA 0 s)
[panels] 12/44 levels done (3.48 h; ETA 9.28 h)
  [sentiment_loading__half] 100/400 paths (266 s; ETA 798 s)
  [sentiment_loading__half] 200/400 paths (547 s; ETA 547 s)
  [sentiment_loading__half] 300/400 paths (861 s; ETA 287 s)
  [sentiment_loading__half] 400/400 paths (1191 s; ETA 0 s)
[panels] 13/44 levels done (3.81 h; ETA 9.09 h)
  [sentiment_loading__full] 100/400 paths (472 s; ETA 1416 s)
[panels] 1/44 levels done (0.00 h; ETA 0.00 h)
[panels] 2/44 levels done (0.00 h; ETA 0.00 h)
[panels] 3/44 levels done (0.00 h; ETA 0.00 h)
[panels] 4/44 levels done (0.00 h; ETA 0.00 h)
[panels] 5/44 levels done (0.00 h; ETA 0.00 h)
[panels] 6/44 levels done (0.00 h; ETA 0.00 h)
[panels] 7/44 levels done (0.00 h; ETA 0.00 h)
[panels] 8/44 levels done (0.00 h; ETA 0.00 h)
[panels] 9/44 levels done (0.00 h; ETA 0.00 h)
[panels] 10/44 levels done (0.00 h; ETA 0.00 h)
[panels] 11/44 levels done (0.00 h; ETA 0.00 h)
[panels] 12/44 levels done (0.00 h; ETA 0.00 h)
[panels] 13/44 levels done (0.00 h; ETA 0.00 h)
  [sentiment_loading__full] 100/400 paths (380 s; ETA 1140 s)
  [sentiment_loading__full] 200/400 paths (753 s; ETA 753 s)
  [sentiment_loading__full] 300/400 paths (940 s; ETA 313 s)
  [sentiment_loading__full] 400/400 paths (1089 s; ETA 0 s)
[panels] 14/44 levels done (0.30 h; ETA 0.65 h)
  [mu_V__low] 100/400 paths (168 s; ETA 505 s)
  [mu_V__low] 200/400 paths (308 s; ETA 308 s)
  [mu_V__low] 300/400 paths (446 s; ETA 149 s)
  [mu_V__low] 400/400 paths (623 s; ETA 0 s)
[panels] 15/44 levels done (0.48 h; ETA 0.92 h)
  [mu_V__high] 100/400 paths (132 s; ETA 396 s)
  [mu_V__high] 200/400 paths (245 s; ETA 245 s)
  [mu_V__high] 300/400 paths (362 s; ETA 121 s)
  [mu_V__high] 400/400 paths (472 s; ETA 0 s)
[panels] 16/44 levels done (0.61 h; ETA 1.06 h)
  [jump_rate__low] 100/400 paths (121 s; ETA 364 s)
  [jump_rate__low] 200/400 paths (220 s; ETA 220 s)
  [jump_rate__low] 300/400 paths (312 s; ETA 104 s)
  [jump_rate__low] 400/400 paths (427 s; ETA 0 s)
[panels] 17/44 levels done (0.73 h; ETA 1.15 h)
  [jump_rate__high] 100/400 paths (133 s; ETA 400 s)
  [jump_rate__high] 200/400 paths (247 s; ETA 247 s)
  [jump_rate__high] 300/400 paths (362 s; ETA 121 s)
  [jump_rate__high] 400/400 paths (478 s; ETA 0 s)
[panels] 18/44 levels done (0.86 h; ETA 1.24 h)
  [jump_sd__low] 100/400 paths (132 s; ETA 395 s)
  [jump_sd__low] 200/400 paths (403 s; ETA 403 s)
  [jump_sd__low] 300/400 paths (815 s; ETA 272 s)
  [jump_sd__low] 400/400 paths (1217 s; ETA 0 s)
[panels] 19/44 levels done (1.20 h; ETA 1.58 h)
  [jump_sd__high] 100/400 paths (263 s; ETA 789 s)
  [jump_sd__high] 200/400 paths (815 s; ETA 815 s)
  [jump_sd__high] 300/400 paths (1460 s; ETA 487 s)
  [jump_sd__high] 400/400 paths (2044 s; ETA 0 s)
[panels] 20/44 levels done (1.77 h; ETA 2.12 h)
  [sbar__low] 100/400 paths (783 s; ETA 2349 s)
  [sbar__low] 200/400 paths (1028 s; ETA 1028 s)
  [sbar__low] 300/400 paths (1336 s; ETA 445 s)
  [sbar__low] 400/400 paths (1621 s; ETA 0 s)
[panels] 21/44 levels done (2.22 h; ETA 2.43 h)
  [sbar__high] 100/400 paths (526 s; ETA 1578 s)
  [sbar__high] 200/400 paths (928 s; ETA 928 s)
  [sbar__high] 300/400 paths (1246 s; ETA 415 s)
  [sbar__high] 400/400 paths (1371 s; ETA 0 s)
[panels] 22/44 levels done (2.60 h; ETA 2.60 h)
  [blowoff_g__low] 100/400 paths (139 s; ETA 416 s)
  [blowoff_g__low] 200/400 paths (248 s; ETA 248 s)
  [blowoff_g__low] 300/400 paths (369 s; ETA 123 s)
  [blowoff_g__low] 400/400 paths (481 s; ETA 0 s)
[panels] 23/44 levels done (2.73 h; ETA 2.49 h)
  [blowoff_g__high] 100/400 paths (93 s; ETA 278 s)
  [blowoff_g__high] 200/400 paths (163 s; ETA 163 s)
  [blowoff_g__high] 300/400 paths (274 s; ETA 91 s)
  [blowoff_g__high] 400/400 paths (395 s; ETA 0 s)
[panels] 24/44 levels done (2.84 h; ETA 2.37 h)
  [s_eps__low] 100/400 paths (133 s; ETA 400 s)
  [s_eps__low] 200/400 paths (241 s; ETA 241 s)
  [s_eps__low] 300/400 paths (389 s; ETA 130 s)
  [s_eps__low] 400/400 paths (492 s; ETA 0 s)
[panels] 25/44 levels done (2.98 h; ETA 2.26 h)
  [s_eps__high] 100/400 paths (439 s; ETA 1317 s)
  [s_eps__high] 200/400 paths (737 s; ETA 737 s)
  [s_eps__high] 300/400 paths (1099 s; ETA 366 s)
  [s_eps__high] 400/400 paths (1552 s; ETA 0 s)
[panels] 26/44 levels done (3.41 h; ETA 2.36 h)
  [p_loss__low] 100/400 paths (252 s; ETA 756 s)
  [p_loss__low] 200/400 paths (459 s; ETA 459 s)
  [p_loss__low] 300/400 paths (592 s; ETA 197 s)
  [p_loss__low] 400/400 paths (784 s; ETA 0 s)
[panels] 27/44 levels done (3.63 h; ETA 2.28 h)
  [p_loss__high] 100/400 paths (164 s; ETA 492 s)
  [p_loss__high] 200/400 paths (266 s; ETA 266 s)
  [p_loss__high] 300/400 paths (376 s; ETA 125 s)
  [p_loss__high] 400/400 paths (478 s; ETA 0 s)
[panels] 28/44 levels done (3.76 h; ETA 2.15 h)
  [pe_cap__low] 100/400 paths (125 s; ETA 374 s)
  [pe_cap__low] 200/400 paths (240 s; ETA 240 s)
  [pe_cap__low] 300/400 paths (350 s; ETA 117 s)
  [pe_cap__low] 400/400 paths (458 s; ETA 0 s)
[panels] 29/44 levels done (3.89 h; ETA 2.01 h)
  [pe_cap__high] 100/400 paths (130 s; ETA 391 s)
  [pe_cap__high] 200/400 paths (237 s; ETA 237 s)
  [pe_cap__high] 300/400 paths (385 s; ETA 128 s)
  [pe_cap__high] 400/400 paths (521 s; ETA 0 s)
[panels] 30/44 levels done (4.03 h; ETA 1.88 h)
  [div_c_speed__low] 100/400 paths (137 s; ETA 412 s)
  [div_c_speed__low] 200/400 paths (292 s; ETA 292 s)
  [div_c_speed__low] 300/400 paths (405 s; ETA 135 s)
  [div_c_speed__low] 400/400 paths (519 s; ETA 0 s)
[panels] 31/44 levels done (4.18 h; ETA 1.75 h)
  [div_c_speed__high] 100/400 paths (115 s; ETA 345 s)
  [div_c_speed__high] 200/400 paths (209 s; ETA 209 s)
  [div_c_speed__high] 300/400 paths (320 s; ETA 107 s)
  [div_c_speed__high] 400/400 paths (411 s; ETA 0 s)
[panels] 32/44 levels done (4.29 h; ETA 1.61 h)
  [div_tau__low] 100/400 paths (115 s; ETA 345 s)
  [div_tau__low] 200/400 paths (213 s; ETA 213 s)
  [div_tau__low] 300/400 paths (312 s; ETA 104 s)
  [div_tau__low] 400/400 paths (421 s; ETA 0 s)
[panels] 33/44 levels done (4.41 h; ETA 1.47 h)
  [div_tau__high] 100/400 paths (101 s; ETA 302 s)
  [div_tau__high] 200/400 paths (202 s; ETA 202 s)
  [div_tau__high] 300/400 paths (314 s; ETA 105 s)
  [div_tau__high] 400/400 paths (406 s; ETA 0 s)
[panels] 34/44 levels done (4.52 h; ETA 1.33 h)
  [sent_rho__low] 100/400 paths (124 s; ETA 373 s)
  [sent_rho__low] 200/400 paths (238 s; ETA 238 s)
  [sent_rho__low] 300/400 paths (346 s; ETA 115 s)
  [sent_rho__low] 400/400 paths (453 s; ETA 0 s)
[panels] 35/44 levels done (4.65 h; ETA 1.20 h)
  [sent_rho__high] 100/400 paths (118 s; ETA 353 s)
  [sent_rho__high] 200/400 paths (226 s; ETA 226 s)
  [sent_rho__high] 300/400 paths (342 s; ETA 114 s)
  [sent_rho__high] 400/400 paths (447 s; ETA 0 s)
[panels] 36/44 levels done (4.77 h; ETA 1.06 h)
  [sent_b1__low] 100/400 paths (116 s; ETA 347 s)
  [sent_b1__low] 200/400 paths (211 s; ETA 211 s)
  [sent_b1__low] 300/400 paths (325 s; ETA 108 s)
  [sent_b1__low] 400/400 paths (432 s; ETA 0 s)
[panels] 37/44 levels done (4.89 h; ETA 0.93 h)
  [sent_b1__high] 100/400 paths (122 s; ETA 366 s)
  [sent_b1__high] 200/400 paths (239 s; ETA 239 s)
  [sent_b1__high] 300/400 paths (350 s; ETA 117 s)
  [sent_b1__high] 400/400 paths (447 s; ETA 0 s)
[panels] 38/44 levels done (5.02 h; ETA 0.79 h)
  [vol_rho_v__low] 100/400 paths (115 s; ETA 345 s)
  [vol_rho_v__low] 200/400 paths (209 s; ETA 209 s)
  [vol_rho_v__low] 300/400 paths (310 s; ETA 103 s)
  [vol_rho_v__low] 400/400 paths (401 s; ETA 0 s)
[panels] 39/44 levels done (5.13 h; ETA 0.66 h)
  [vol_rho_v__high] 100/400 paths (108 s; ETA 325 s)
  [vol_rho_v__high] 200/400 paths (199 s; ETA 199 s)
  [vol_rho_v__high] 300/400 paths (300 s; ETA 100 s)
  [vol_rho_v__high] 400/400 paths (393 s; ETA 0 s)
[panels] 40/44 levels done (5.24 h; ETA 0.52 h)
  [vol_beta_absr__low] 100/400 paths (116 s; ETA 347 s)
  [vol_beta_absr__low] 200/400 paths (206 s; ETA 206 s)
  [vol_beta_absr__low] 300/400 paths (301 s; ETA 100 s)
  [vol_beta_absr__low] 400/400 paths (394 s; ETA 0 s)
[panels] 41/44 levels done (5.35 h; ETA 0.39 h)
  [vol_beta_absr__high] 100/400 paths (109 s; ETA 327 s)
  [vol_beta_absr__high] 200/400 paths (214 s; ETA 214 s)
  [vol_beta_absr__high] 300/400 paths (310 s; ETA 103 s)
  [vol_beta_absr__high] 400/400 paths (403 s; ETA 0 s)
[panels] 42/44 levels done (5.46 h; ETA 0.26 h)
  [vol_sd_e__low] 100/400 paths (114 s; ETA 343 s)
  [vol_sd_e__low] 200/400 paths (207 s; ETA 207 s)
  [vol_sd_e__low] 300/400 paths (309 s; ETA 103 s)
  [vol_sd_e__low] 400/400 paths (406 s; ETA 0 s)
[panels] 43/44 levels done (5.57 h; ETA 0.13 h)
  [vol_sd_e__high] 100/400 paths (119 s; ETA 357 s)
  [vol_sd_e__high] 200/400 paths (209 s; ETA 209 s)
  [vol_sd_e__high] 300/400 paths (309 s; ETA 103 s)
  [vol_sd_e__high] 400/400 paths (407 s; ETA 0 s)
[panels] 44/44 levels done (5.69 h; ETA 0.00 h)
          candidate  plan_six  E_oracle  E_scripted  rank_oracle  rank_scripted  rank_sum  top_six_share_boot
          garch_set      True    0.0661      0.0857          1.0            1.0       2.0               0.000
               sbar     False    0.0498      0.0547          3.0            3.0       6.0               1.000
               mu_V     False    0.0457      0.0414          4.0            5.0       9.0               0.997
          half_life      True    0.0324      0.0537          8.0            4.0      12.0               0.999
          jump_rate     False    0.0367      0.0155          6.0            6.0      12.0               0.790
            sigma_V      True    0.0264      0.0557         10.0            2.0      12.0               1.000
            jump_sd     False    0.0254      0.0089         11.0            7.0      18.0               0.630
      pe_dispersion      True    0.0332      0.0000          7.0           12.0      19.0               0.320
        div_c_speed     False    0.0557      0.0000          2.0           17.0      19.0               0.062
          blowoff_g     False    0.0083      0.0038         12.0            8.0      20.0               0.073
         analyst_sd      True    0.0275      0.0000          9.0           13.0      22.0               0.094
  sentiment_loading      True    0.0060      0.0021         14.0            9.0      23.0               0.031
            div_tau     False    0.0393      0.0000          5.0           18.0      23.0               0.003
           sent_rho     False    0.0055      0.0012         16.0           10.0      26.0               0.001
            sent_b1     False    0.0052      0.0004         17.0           11.0      28.0               0.000
              s_eps     False    0.0056      0.0000         15.0           14.0      29.0               0.000
           vol_sd_e     False    0.0077      0.0000         13.0           21.0      34.0               0.000
             pe_cap     False    0.0049      0.0000         18.0           16.0      34.0               0.000
             p_loss     False    0.0000      0.0000         21.0           15.0      36.0               0.000
          vol_rho_v     False    0.0010      0.0000         20.0           19.0      39.0               0.000
      vol_beta_absr     False    0.0015      0.0000         19.0           20.0      39.0               0.000
half_life_unmatched     False    0.0349      0.0203          NaN            NaN       NaN                 NaN
{
 "data_driven_six": [
  "garch_set",
  "sbar",
  "mu_V",
  "half_life",
  "sigma_V",
  "jump_rate"
 ],
 "shared_with_plan": [
  "garch_set",
  "half_life",
  "sigma_V"
 ],
 "n_shared": 3,
 "run": "data-driven six",
 "list_run": [
  "garch_set",
  "sbar",
  "mu_V",
  "half_life",
  "sigma_V",
  "jump_rate"
 ],
 "further_cell": [],
 "reason": "the data-driven six share only 3 parameters with the plan's six (REG-16 (i))"
}
