C:\Users\ayesha.gull01\AppData\Local\Programs\Python\Python313\Lib\site-packages\statsmodels\regression\mixed_linear_model.py:2237: ConvergenceWarning: The MLE may be on the boundary of the parameter space.
  warnings.warn(msg, ConvergenceWarning)
C:\Users\ayesha.gull01\AppData\Local\Programs\Python\Python313\Lib\site-packages\statsmodels\regression\mixed_linear_model.py:2237: ConvergenceWarning: The MLE may be on the boundary of the parameter space.
  warnings.warn(msg, ConvergenceWarning)
C:\Users\ayesha.gull01\AppData\Local\Programs\Python\Python313\Lib\site-packages\statsmodels\regression\mixed_linear_model.py:2237: ConvergenceWarning: The MLE may be on the boundary of the parameter space.
  warnings.warn(msg, ConvergenceWarning)
C:\Users\ayesha.gull01\AppData\Local\Programs\Python\Python313\Lib\site-packages\statsmodels\regression\mixed_linear_model.py:2237: ConvergenceWarning: The MLE may be on the boundary of the parameter space.
  warnings.warn(msg, ConvergenceWarning)
C:\Users\ayesha.gull01\AppData\Local\Programs\Python\Python313\Lib\site-packages\statsmodels\regression\mixed_linear_model.py:2237: ConvergenceWarning: The MLE may be on the boundary of the parameter space.
  warnings.warn(msg, ConvergenceWarning)
recovery: 100 datasets in 119s
{
 "model": {
  "planted": 0.0025000000000000005,
  "p05": 0.0007329555815036701,
  "p50": 0.00224334204478725,
  "p95": 0.005295266424415329,
  "n": 100,
  "planted_inside_p05_p95": true
 },
 "model_arm": {
  "planted": 0.0009,
  "p05": 0.00039240667314915505,
  "p50": 0.0008518761391185499,
  "p95": 0.0016118301926967746,
  "n": 100,
  "planted_inside_p05_p95": true
 },
 "path": {
  "planted": 0.0016,
  "p05": 0.00103158876875999,
  "p50": 0.001528960731374,
  "p95": 0.00225043410360957,
  "n": 100,
  "planted_inside_p05_p95": true
 },
 "residual": {
  "planted": 0.0009,
  "p05": 0.000872502531571735,
  "p50": 0.00090334321384645,
  "p95": 0.0009364505579551299,
  "n": 100,
  "planted_inside_p05_p95": true
 }
}
[stage recovery] 119s
C:\Users\ayesha.gull01\AppData\Local\Programs\Python\Python313\Lib\site-packages\statsmodels\regression\mixed_linear_model.py:2237: ConvergenceWarning: The MLE may be on the boundary of the parameter space.
  warnings.warn(msg, ConvergenceWarning)
C:\Users\ayesha.gull01\AppData\Local\Programs\Python\Python313\Lib\site-packages\statsmodels\regression\mixed_linear_model.py:2237: ConvergenceWarning: The MLE may be on the boundary of the parameter space.
  warnings.warn(msg, ConvergenceWarning)
C:\Users\ayesha.gull01\AppData\Local\Programs\Python\Python313\Lib\site-packages\statsmodels\regression\mixed_linear_model.py:2237: ConvergenceWarning: The MLE may be on the boundary of the parameter space.
  warnings.warn(msg, ConvergenceWarning)
C:\Users\ayesha.gull01\AppData\Local\Programs\Python\Python313\Lib\site-packages\statsmodels\regression\mixed_linear_model.py:2237: ConvergenceWarning: The MLE may be on the boundary of the parameter space.
  warnings.warn(msg, ConvergenceWarning)
C:\Users\ayesha.gull01\AppData\Local\Programs\Python\Python313\Lib\site-packages\statsmodels\regression\mixed_linear_model.py:2237: ConvergenceWarning: The MLE may be on the boundary of the parameter space.
  warnings.warn(msg, ConvergenceWarning)
C:\Users\ayesha.gull01\AppData\Local\Programs\Python\Python313\Lib\site-packages\statsmodels\regression\mixed_linear_model.py:2237: ConvergenceWarning: The MLE may be on the boundary of the parameter space.
  warnings.warn(msg, ConvergenceWarning)
C:\Users\ayesha.gull01\AppData\Local\Programs\Python\Python313\Lib\site-packages\statsmodels\regression\mixed_linear_model.py:2237: ConvergenceWarning: The MLE may be on the boundary of the parameter space.
  warnings.warn(msg, ConvergenceWarning)
C:\Users\ayesha.gull01\AppData\Local\Programs\Python\Python313\Lib\site-packages\statsmodels\regression\mixed_linear_model.py:2237: ConvergenceWarning: The MLE may be on the boundary of the parameter space.
  warnings.warn(msg, ConvergenceWarning)
C:\Users\ayesha.gull01\AppData\Local\Programs\Python\Python313\Lib\site-packages\statsmodels\regression\mixed_linear_model.py:2237: ConvergenceWarning: The MLE may be on the boundary of the parameter space.
  warnings.warn(msg, ConvergenceWarning)
C:\Users\ayesha.gull01\AppData\Local\Programs\Python\Python313\Lib\site-packages\statsmodels\regression\mixed_linear_model.py:2261: ConvergenceWarning: The Hessian matrix at the estimated parameter values is not positive definite.
  warnings.warn(msg, ConvergenceWarning)
C:\Users\ayesha.gull01\AppData\Local\Programs\Python\Python313\Lib\site-packages\statsmodels\regression\mixed_linear_model.py:2237: ConvergenceWarning: The MLE may be on the boundary of the parameter space.
  warnings.warn(msg, ConvergenceWarning)
C:\Users\ayesha.gull01\AppData\Local\Programs\Python\Python313\Lib\site-packages\statsmodels\regression\mixed_linear_model.py:2261: ConvergenceWarning: The Hessian matrix at the estimated parameter values is not positive definite.
  warnings.warn(msg, ConvergenceWarning)
gpath M3_S10_R1_sma0.0_rho0.0_beta0.0: 300 datasets in 187s
C:\Users\ayesha.gull01\AppData\Local\Programs\Python\Python313\Lib\site-packages\statsmodels\regression\mixed_linear_model.py:2237: ConvergenceWarning: The MLE may be on the boundary of the parameter space.
  warnings.warn(msg, ConvergenceWarning)
C:\Users\ayesha.gull01\AppData\Local\Programs\Python\Python313\Lib\site-packages\statsmodels\regression\mixed_linear_model.py:2237: ConvergenceWarning: The MLE may be on the boundary of the parameter space.
  warnings.warn(msg, ConvergenceWarning)
C:\Users\ayesha.gull01\AppData\Local\Programs\Python\Python313\Lib\site-packages\statsmodels\regression\mixed_linear_model.py:2237: ConvergenceWarning: The MLE may be on the boundary of the parameter space.
  warnings.warn(msg, ConvergenceWarning)
C:\Users\ayesha.gull01\AppData\Local\Programs\Python\Python313\Lib\site-packages\statsmodels\regression\mixed_linear_model.py:2237: ConvergenceWarning: The MLE may be on the boundary of the parameter space.
  warnings.warn(msg, ConvergenceWarning)
C:\Users\ayesha.gull01\AppData\Local\Programs\Python\Python313\Lib\site-packages\statsmodels\regression\mixed_linear_model.py:2237: ConvergenceWarning: The MLE may be on the boundary of the parameter space.
  warnings.warn(msg, ConvergenceWarning)
C:\Users\ayesha.gull01\AppData\Local\Programs\Python\Python313\Lib\site-packages\statsmodels\regression\mixed_linear_model.py:2237: ConvergenceWarning: The MLE may be on the boundary of the parameter space.
  warnings.warn(msg, ConvergenceWarning)
C:\Users\ayesha.gull01\AppData\Local\Programs\Python\Python313\Lib\site-packages\statsmodels\regression\mixed_linear_model.py:2237: ConvergenceWarning: The MLE may be on the boundary of the parameter space.
  warnings.warn(msg, ConvergenceWarning)
C:\Users\ayesha.gull01\AppData\Local\Programs\Python\Python313\Lib\site-packages\statsmodels\regression\mixed_linear_model.py:2261: ConvergenceWarning: The Hessian matrix at the estimated parameter values is not positive definite.
  warnings.warn(msg, ConvergenceWarning)
C:\Users\ayesha.gull01\AppData\Local\Programs\Python\Python313\Lib\site-packages\statsmodels\regression\mixed_linear_model.py:2237: ConvergenceWarning: The MLE may be on the boundary of the parameter space.
  warnings.warn(msg, ConvergenceWarning)
C:\Users\ayesha.gull01\AppData\Local\Programs\Python\Python313\Lib\site-packages\statsmodels\regression\mixed_linear_model.py:2237: ConvergenceWarning: The MLE may be on the boundary of the parameter space.
  warnings.warn(msg, ConvergenceWarning)
C:\Users\ayesha.gull01\AppData\Local\Programs\Python\Python313\Lib\site-packages\statsmodels\regression\mixed_linear_model.py:2237: ConvergenceWarning: The MLE may be on the boundary of the parameter space.
  warnings.warn(msg, ConvergenceWarning)
C:\Users\ayesha.gull01\AppData\Local\Programs\Python\Python313\Lib\site-packages\statsmodels\regression\mixed_linear_model.py:2261: ConvergenceWarning: The Hessian matrix at the estimated parameter values is not positive definite.
  warnings.warn(msg, ConvergenceWarning)
gpath M3_S10_R1_sma0.0_rho0.0_beta0.05: 300 datasets in 106s
C:\Users\ayesha.gull01\AppData\Local\Programs\Python\Python313\Lib\site-packages\statsmodels\regression\mixed_linear_model.py:2237: ConvergenceWarning: The MLE may be on the boundary of the parameter space.
  warnings.warn(msg, ConvergenceWarning)
C:\Users\ayesha.gull01\AppData\Local\Programs\Python\Python313\Lib\site-packages\statsmodels\regression\mixed_linear_model.py:2237: ConvergenceWarning: The MLE may be on the boundary of the parameter space.
  warnings.warn(msg, ConvergenceWarning)
C:\Users\ayesha.gull01\AppData\Local\Programs\Python\Python313\Lib\site-packages\statsmodels\regression\mixed_linear_model.py:2237: ConvergenceWarning: The MLE may be on the boundary of the parameter space.
  warnings.warn(msg, ConvergenceWarning)
C:\Users\ayesha.gull01\AppData\Local\Programs\Python\Python313\Lib\site-packages\statsmodels\regression\mixed_linear_model.py:2237: ConvergenceWarning: The MLE may be on the boundary of the parameter space.
  warnings.warn(msg, ConvergenceWarning)
C:\Users\ayesha.gull01\AppData\Local\Programs\Python\Python313\Lib\site-packages\statsmodels\regression\mixed_linear_model.py:2237: ConvergenceWarning: The MLE may be on the boundary of the parameter space.
  warnings.warn(msg, ConvergenceWarning)
C:\Users\ayesha.gull01\AppData\Local\Programs\Python\Python313\Lib\site-packages\statsmodels\regression\mixed_linear_model.py:2237: ConvergenceWarning: The MLE may be on the boundary of the parameter space.
  warnings.warn(msg, ConvergenceWarning)
C:\Users\ayesha.gull01\AppData\Local\Programs\Python\Python313\Lib\site-packages\statsmodels\regression\mixed_linear_model.py:2237: ConvergenceWarning: The MLE may be on the boundary of the parameter space.
  warnings.warn(msg, ConvergenceWarning)
C:\Users\ayesha.gull01\AppData\Local\Programs\Python\Python313\Lib\site-packages\statsmodels\regression\mixed_linear_model.py:2237: ConvergenceWarning: The MLE may be on the boundary of the parameter space.
  warnings.warn(msg, ConvergenceWarning)
C:\Users\ayesha.gull01\AppData\Local\Programs\Python\Python313\Lib\site-packages\statsmodels\regression\mixed_linear_model.py:2237: ConvergenceWarning: The MLE may be on the boundary of the parameter space.
  warnings.warn(msg, ConvergenceWarning)
C:\Users\ayesha.gull01\AppData\Local\Programs\Python\Python313\Lib\site-packages\statsmodels\regression\mixed_linear_model.py:2237: ConvergenceWarning: The MLE may be on the boundary of the parameter space.
  warnings.warn(msg, ConvergenceWarning)
gpath M3_S10_R1_sma0.03_rho0.0_beta0.0: 300 datasets in 145s
C:\Users\ayesha.gull01\AppData\Local\Programs\Python\Python313\Lib\site-packages\statsmodels\regression\mixed_linear_model.py:2237: ConvergenceWarning: The MLE may be on the boundary of the parameter space.
  warnings.warn(msg, ConvergenceWarning)
C:\Users\ayesha.gull01\AppData\Local\Programs\Python\Python313\Lib\site-packages\statsmodels\regression\mixed_linear_model.py:2237: ConvergenceWarning: The MLE may be on the boundary of the parameter space.
  warnings.warn(msg, ConvergenceWarning)
C:\Users\ayesha.gull01\AppData\Local\Programs\Python\Python313\Lib\site-packages\statsmodels\regression\mixed_linear_model.py:2237: ConvergenceWarning: The MLE may be on the boundary of the parameter space.
  warnings.warn(msg, ConvergenceWarning)
C:\Users\ayesha.gull01\AppData\Local\Programs\Python\Python313\Lib\site-packages\statsmodels\regression\mixed_linear_model.py:2237: ConvergenceWarning: The MLE may be on the boundary of the parameter space.
  warnings.warn(msg, ConvergenceWarning)
C:\Users\ayesha.gull01\AppData\Local\Programs\Python\Python313\Lib\site-packages\statsmodels\regression\mixed_linear_model.py:2237: ConvergenceWarning: The MLE may be on the boundary of the parameter space.
  warnings.warn(msg, ConvergenceWarning)
C:\Users\ayesha.gull01\AppData\Local\Programs\Python\Python313\Lib\site-packages\statsmodels\regression\mixed_linear_model.py:2237: ConvergenceWarning: The MLE may be on the boundary of the parameter space.
  warnings.warn(msg, ConvergenceWarning)
C:\Users\ayesha.gull01\AppData\Local\Programs\Python\Python313\Lib\site-packages\statsmodels\regression\mixed_linear_model.py:2237: ConvergenceWarning: The MLE may be on the boundary of the parameter space.
  warnings.warn(msg, ConvergenceWarning)
C:\Users\ayesha.gull01\AppData\Local\Programs\Python\Python313\Lib\site-packages\statsmodels\regression\mixed_linear_model.py:2237: ConvergenceWarning: The MLE may be on the boundary of the parameter space.
  warnings.warn(msg, ConvergenceWarning)
C:\Users\ayesha.gull01\AppData\Local\Programs\Python\Python313\Lib\site-packages\statsmodels\regression\mixed_linear_model.py:2237: ConvergenceWarning: The MLE may be on the boundary of the parameter space.
  warnings.warn(msg, ConvergenceWarning)
C:\Users\ayesha.gull01\AppData\Local\Programs\Python\Python313\Lib\site-packages\statsmodels\regression\mixed_linear_model.py:2237: ConvergenceWarning: The MLE may be on the boundary of the parameter space.
  warnings.warn(msg, ConvergenceWarning)
gpath M3_S10_R1_sma0.03_rho0.0_beta0.05: 300 datasets in 89s
C:\Users\ayesha.gull01\AppData\Local\Programs\Python\Python313\Lib\site-packages\statsmodels\regression\mixed_linear_model.py:2237: ConvergenceWarning: The MLE may be on the boundary of the parameter space.
  warnings.warn(msg, ConvergenceWarning)
C:\Users\ayesha.gull01\AppData\Local\Programs\Python\Python313\Lib\site-packages\statsmodels\regression\mixed_linear_model.py:2237: ConvergenceWarning: The MLE may be on the boundary of the parameter space.
  warnings.warn(msg, ConvergenceWarning)
C:\Users\ayesha.gull01\AppData\Local\Programs\Python\Python313\Lib\site-packages\statsmodels\regression\mixed_linear_model.py:2237: ConvergenceWarning: The MLE may be on the boundary of the parameter space.
  warnings.warn(msg, ConvergenceWarning)
C:\Users\ayesha.gull01\AppData\Local\Programs\Python\Python313\Lib\site-packages\statsmodels\regression\mixed_linear_model.py:2237: ConvergenceWarning: The MLE may be on the boundary of the parameter space.
  warnings.warn(msg, ConvergenceWarning)
C:\Users\ayesha.gull01\AppData\Local\Programs\Python\Python313\Lib\site-packages\statsmodels\regression\mixed_linear_model.py:2237: ConvergenceWarning: The MLE may be on the boundary of the parameter space.
  warnings.warn(msg, ConvergenceWarning)
C:\Users\ayesha.gull01\AppData\Local\Programs\Python\Python313\Lib\site-packages\statsmodels\regression\mixed_linear_model.py:2237: ConvergenceWarning: The MLE may be on the boundary of the parameter space.
  warnings.warn(msg, ConvergenceWarning)
C:\Users\ayesha.gull01\AppData\Local\Programs\Python\Python313\Lib\site-packages\statsmodels\regression\mixed_linear_model.py:2237: ConvergenceWarning: The MLE may be on the boundary of the parameter space.
  warnings.warn(msg, ConvergenceWarning)
C:\Users\ayesha.gull01\AppData\Local\Programs\Python\Python313\Lib\site-packages\statsmodels\regression\mixed_linear_model.py:2237: ConvergenceWarning: The MLE may be on the boundary of the parameter space.
  warnings.warn(msg, ConvergenceWarning)
C:\Users\ayesha.gull01\AppData\Local\Programs\Python\Python313\Lib\site-packages\statsmodels\regression\mixed_linear_model.py:2237: ConvergenceWarning: The MLE may be on the boundary of the parameter space.
  warnings.warn(msg, ConvergenceWarning)
C:\Users\ayesha.gull01\AppData\Local\Programs\Python\Python313\Lib\site-packages\statsmodels\regression\mixed_linear_model.py:2261: ConvergenceWarning: The Hessian matrix at the estimated parameter values is not positive definite.
  warnings.warn(msg, ConvergenceWarning)
C:\Users\ayesha.gull01\AppData\Local\Programs\Python\Python313\Lib\site-packages\statsmodels\regression\mixed_linear_model.py:2237: ConvergenceWarning: The MLE may be on the boundary of the parameter space.
  warnings.warn(msg, ConvergenceWarning)
gpath M6_S10_R1_sma0.0_rho0.0_beta0.0: 300 datasets in 117s
C:\Users\ayesha.gull01\AppData\Local\Programs\Python\Python313\Lib\site-packages\statsmodels\regression\mixed_linear_model.py:2237: ConvergenceWarning: The MLE may be on the boundary of the parameter space.
  warnings.warn(msg, ConvergenceWarning)
C:\Users\ayesha.gull01\AppData\Local\Programs\Python\Python313\Lib\site-packages\statsmodels\regression\mixed_linear_model.py:2237: ConvergenceWarning: The MLE may be on the boundary of the parameter space.
  warnings.warn(msg, ConvergenceWarning)
C:\Users\ayesha.gull01\AppData\Local\Programs\Python\Python313\Lib\site-packages\statsmodels\regression\mixed_linear_model.py:2237: ConvergenceWarning: The MLE may be on the boundary of the parameter space.
  warnings.warn(msg, ConvergenceWarning)
C:\Users\ayesha.gull01\AppData\Local\Programs\Python\Python313\Lib\site-packages\statsmodels\regression\mixed_linear_model.py:2237: ConvergenceWarning: The MLE may be on the boundary of the parameter space.
  warnings.warn(msg, ConvergenceWarning)
C:\Users\ayesha.gull01\AppData\Local\Programs\Python\Python313\Lib\site-packages\statsmodels\regression\mixed_linear_model.py:2237: ConvergenceWarning: The MLE may be on the boundary of the parameter space.
  warnings.warn(msg, ConvergenceWarning)
C:\Users\ayesha.gull01\AppData\Local\Programs\Python\Python313\Lib\site-packages\statsmodels\regression\mixed_linear_model.py:2237: ConvergenceWarning: The MLE may be on the boundary of the parameter space.
  warnings.warn(msg, ConvergenceWarning)
C:\Users\ayesha.gull01\AppData\Local\Programs\Python\Python313\Lib\site-packages\statsmodels\regression\mixed_linear_model.py:2237: ConvergenceWarning: The MLE may be on the boundary of the parameter space.
  warnings.warn(msg, ConvergenceWarning)
C:\Users\ayesha.gull01\AppData\Local\Programs\Python\Python313\Lib\site-packages\statsmodels\regression\mixed_linear_model.py:2237: ConvergenceWarning: The MLE may be on the boundary of the parameter space.
  warnings.warn(msg, ConvergenceWarning)
C:\Users\ayesha.gull01\AppData\Local\Programs\Python\Python313\Lib\site-packages\statsmodels\regression\mixed_linear_model.py:2261: ConvergenceWarning: The Hessian matrix at the estimated parameter values is not positive definite.
  warnings.warn(msg, ConvergenceWarning)
C:\Users\ayesha.gull01\AppData\Local\Programs\Python\Python313\Lib\site-packages\statsmodels\regression\mixed_linear_model.py:2237: ConvergenceWarning: The MLE may be on the boundary of the parameter space.
  warnings.warn(msg, ConvergenceWarning)
C:\Users\ayesha.gull01\AppData\Local\Programs\Python\Python313\Lib\site-packages\statsmodels\base\model.py:607: ConvergenceWarning: Maximum Likelihood optimization failed to converge. Check mle_retvals
  warnings.warn("Maximum Likelihood optimization failed to "
C:\Users\ayesha.gull01\AppData\Local\Programs\Python\Python313\Lib\site-packages\statsmodels\regression\mixed_linear_model.py:2206: ConvergenceWarning: MixedLM optimization failed, trying a different optimizer may help.
  warnings.warn(msg, ConvergenceWarning)
C:\Users\ayesha.gull01\AppData\Local\Programs\Python\Python313\Lib\site-packages\statsmodels\regression\mixed_linear_model.py:2218: ConvergenceWarning: Gradient optimization failed, |grad| = 8.011954
  warnings.warn(msg, ConvergenceWarning)
C:\Users\ayesha.gull01\AppData\Local\Programs\Python\Python313\Lib\site-packages\statsmodels\regression\mixed_linear_model.py:2261: ConvergenceWarning: The Hessian matrix at the estimated parameter values is not positive definite.
  warnings.warn(msg, ConvergenceWarning)
C:\Users\ayesha.gull01\AppData\Local\Programs\Python\Python313\Lib\site-packages\statsmodels\regression\mixed_linear_model.py:2237: ConvergenceWarning: The MLE may be on the boundary of the parameter space.
  warnings.warn(msg, ConvergenceWarning)
gpath M6_S10_R1_sma0.0_rho0.0_beta0.05: 300 datasets in 116s
C:\Users\ayesha.gull01\AppData\Local\Programs\Python\Python313\Lib\site-packages\statsmodels\regression\mixed_linear_model.py:2237: ConvergenceWarning: The MLE may be on the boundary of the parameter space.
  warnings.warn(msg, ConvergenceWarning)
C:\Users\ayesha.gull01\AppData\Local\Programs\Python\Python313\Lib\site-packages\statsmodels\regression\mixed_linear_model.py:2237: ConvergenceWarning: The MLE may be on the boundary of the parameter space.
  warnings.warn(msg, ConvergenceWarning)
C:\Users\ayesha.gull01\AppData\Local\Programs\Python\Python313\Lib\site-packages\statsmodels\regression\mixed_linear_model.py:2237: ConvergenceWarning: The MLE may be on the boundary of the parameter space.
  warnings.warn(msg, ConvergenceWarning)
C:\Users\ayesha.gull01\AppData\Local\Programs\Python\Python313\Lib\site-packages\statsmodels\regression\mixed_linear_model.py:2237: ConvergenceWarning: The MLE may be on the boundary of the parameter space.
  warnings.warn(msg, ConvergenceWarning)
C:\Users\ayesha.gull01\AppData\Local\Programs\Python\Python313\Lib\site-packages\statsmodels\regression\mixed_linear_model.py:2237: ConvergenceWarning: The MLE may be on the boundary of the parameter space.
  warnings.warn(msg, ConvergenceWarning)
C:\Users\ayesha.gull01\AppData\Local\Programs\Python\Python313\Lib\site-packages\statsmodels\regression\mixed_linear_model.py:2237: ConvergenceWarning: The MLE may be on the boundary of the parameter space.
  warnings.warn(msg, ConvergenceWarning)
C:\Users\ayesha.gull01\AppData\Local\Programs\Python\Python313\Lib\site-packages\statsmodels\regression\mixed_linear_model.py:2237: ConvergenceWarning: The MLE may be on the boundary of the parameter space.
  warnings.warn(msg, ConvergenceWarning)
C:\Users\ayesha.gull01\AppData\Local\Programs\Python\Python313\Lib\site-packages\statsmodels\regression\mixed_linear_model.py:2237: ConvergenceWarning: The MLE may be on the boundary of the parameter space.
  warnings.warn(msg, ConvergenceWarning)
C:\Users\ayesha.gull01\AppData\Local\Programs\Python\Python313\Lib\site-packages\statsmodels\regression\mixed_linear_model.py:2237: ConvergenceWarning: The MLE may be on the boundary of the parameter space.
  warnings.warn(msg, ConvergenceWarning)
C:\Users\ayesha.gull01\AppData\Local\Programs\Python\Python313\Lib\site-packages\statsmodels\regression\mixed_linear_model.py:2237: ConvergenceWarning: The MLE may be on the boundary of the parameter space.
  warnings.warn(msg, ConvergenceWarning)
gpath M6_S10_R1_sma0.03_rho0.0_beta0.0: 300 datasets in 132s
C:\Users\ayesha.gull01\AppData\Local\Programs\Python\Python313\Lib\site-packages\statsmodels\regression\mixed_linear_model.py:2237: ConvergenceWarning: The MLE may be on the boundary of the parameter space.
  warnings.warn(msg, ConvergenceWarning)
C:\Users\ayesha.gull01\AppData\Local\Programs\Python\Python313\Lib\site-packages\statsmodels\regression\mixed_linear_model.py:2237: ConvergenceWarning: The MLE may be on the boundary of the parameter space.
  warnings.warn(msg, ConvergenceWarning)
C:\Users\ayesha.gull01\AppData\Local\Programs\Python\Python313\Lib\site-packages\statsmodels\regression\mixed_linear_model.py:2237: ConvergenceWarning: The MLE may be on the boundary of the parameter space.
  warnings.warn(msg, ConvergenceWarning)
C:\Users\ayesha.gull01\AppData\Local\Programs\Python\Python313\Lib\site-packages\statsmodels\regression\mixed_linear_model.py:2237: ConvergenceWarning: The MLE may be on the boundary of the parameter space.
  warnings.warn(msg, ConvergenceWarning)
C:\Users\ayesha.gull01\AppData\Local\Programs\Python\Python313\Lib\site-packages\statsmodels\base\model.py:607: ConvergenceWarning: Maximum Likelihood optimization failed to converge. Check mle_retvals
  warnings.warn("Maximum Likelihood optimization failed to "
C:\Users\ayesha.gull01\AppData\Local\Programs\Python\Python313\Lib\site-packages\statsmodels\regression\mixed_linear_model.py:2206: ConvergenceWarning: MixedLM optimization failed, trying a different optimizer may help.
  warnings.warn(msg, ConvergenceWarning)
C:\Users\ayesha.gull01\AppData\Local\Programs\Python\Python313\Lib\site-packages\statsmodels\regression\mixed_linear_model.py:2218: ConvergenceWarning: Gradient optimization failed, |grad| = 15.663580
  warnings.warn(msg, ConvergenceWarning)
C:\Users\ayesha.gull01\AppData\Local\Programs\Python\Python313\Lib\site-packages\statsmodels\regression\mixed_linear_model.py:2237: ConvergenceWarning: The MLE may be on the boundary of the parameter space.
  warnings.warn(msg, ConvergenceWarning)
C:\Users\ayesha.gull01\AppData\Local\Programs\Python\Python313\Lib\site-packages\statsmodels\regression\mixed_linear_model.py:2237: ConvergenceWarning: The MLE may be on the boundary of the parameter space.
  warnings.warn(msg, ConvergenceWarning)
C:\Users\ayesha.gull01\AppData\Local\Programs\Python\Python313\Lib\site-packages\statsmodels\regression\mixed_linear_model.py:2237: ConvergenceWarning: The MLE may be on the boundary of the parameter space.
  warnings.warn(msg, ConvergenceWarning)
C:\Users\ayesha.gull01\AppData\Local\Programs\Python\Python313\Lib\site-packages\statsmodels\regression\mixed_linear_model.py:2237: ConvergenceWarning: The MLE may be on the boundary of the parameter space.
  warnings.warn(msg, ConvergenceWarning)
C:\Users\ayesha.gull01\AppData\Local\Programs\Python\Python313\Lib\site-packages\statsmodels\regression\mixed_linear_model.py:2237: ConvergenceWarning: The MLE may be on the boundary of the parameter space.
  warnings.warn(msg, ConvergenceWarning)
C:\Users\ayesha.gull01\AppData\Local\Programs\Python\Python313\Lib\site-packages\statsmodels\regression\mixed_linear_model.py:2237: ConvergenceWarning: The MLE may be on the boundary of the parameter space.
  warnings.warn(msg, ConvergenceWarning)
gpath M6_S10_R1_sma0.03_rho0.0_beta0.05: 300 datasets in 216s
 M  s_ma  beta  e0_reject  e1_reject  e2_reject  e3_reject  e2_coverage
 3  0.00  0.00      0.003      0.043      0.017      0.000        0.983
 3  0.00  0.05      1.000      1.000      1.000      0.933        0.987
 3  0.03  0.00      0.373      0.087      0.087      0.077        0.913
 3  0.03  0.05      0.977      0.763      0.800      0.777        0.877
 6  0.00  0.00      0.010      0.020      0.000      0.000        1.000
 6  0.00  0.05      1.000      1.000      1.000      1.000        1.000
 6  0.03  0.00      0.363      0.067      0.060      0.080        0.940
 6  0.03  0.05      0.997      0.953      0.943      0.967        0.950
[stage mixed_gpath] 1108s
