Traceback (most recent call last):
  File "<frozen runpy>", line 198, in _run_module_as_main
  File "<frozen runpy>", line 88, in _run_code
  File "C:\Users\ayesha.gull01\FinPersona\tools\phase1\e1_2_recovery.py", line 263, in <module>
    f"{B0['median_rel_error']:.2f} / {B0['coverage']:.2f} / {B0['median_h_hat']:.0f} | {B0['usable']} | {B9['median_rel_error']:.2f} / {B9['coverage']:.2f} / {B9['median_h_hat']:.0f} | {B9['usable']} | "
    
  File "C:\Users\ayesha.gull01\FinPersona\tools\phase1\e1_2_recovery.py", line 200, in main
    c_hs = [int(x) for x in a.c_hs.split(",")] if a.c_hs else list(HS)
                   ^^^^^^^^^^^^^^^^^^^^^^^^^^^^^^^^^^^^^^^^^^^^^^^^^^^
  File "C:\Users\ayesha.gull01\AppData\Local\Programs\Python\Python313\Lib\concurrent\futures\process.py", line 617, in _chain_from_iterable_of_lists
    for element in iterable:
                   ^^^^^^^^
  File "C:\Users\ayesha.gull01\AppData\Local\Programs\Python\Python313\Lib\concurrent\futures\_base.py", line 619, in result_iterator
    yield _result_or_cancel(fs.pop())
          ~~~~~~~~~~~~~~~~~^^^^^^^^^^
  File "C:\Users\ayesha.gull01\AppData\Local\Programs\Python\Python313\Lib\concurrent\futures\_base.py", line 317, in _result_or_cancel
    return fut.result(timeout)
           ~~~~~~~~~~^^^^^^^^^
  File "C:\Users\ayesha.gull01\AppData\Local\Programs\Python\Python313\Lib\concurrent\futures\_base.py", line 456, in result
    return self.__get_result()
           ~~~~~~~~~~~~~~~~~^^
  File "C:\Users\ayesha.gull01\AppData\Local\Programs\Python\Python313\Lib\concurrent\futures\_base.py", line 401, in __get_result
    raise self._exception
concurrent.futures.process.BrokenProcessPool: A process in the process pool was terminated abruptly while the future was running or pending.
