{
 "fit": {
  "sigma_V": 0.02048341058017436,
  "s_x": 0.02372996238833469,
  "h_days": 4.897221642216058,
  "J": 80.0221146543698,
  "model_moments": [
   0.0005682072954920888,
   0.9394789676563926,
   0.8884858459850447,
   0.831669580303472,
   0.7714378790915093,
   0.754927466179677,
   0.746338530462458,
   0.7423744059648019
  ],
  "rw_share_of_daily_var": 0.7384102833702211
 },
 "ci_stock_bootstrap": {
  "sigma_V": [
   0.019729330031622336,
   0.021292366023603168
  ],
  "s_x": [
   0.021645370410933513,
   0.025803977234842585
  ],
  "h_days": [
   4.211974962014168,
   5.614475430381737
  ],
  "n_boot": 1000
 },
 "ci_block_bootstrap": {
  "sigma_V": [
   0.01674757624219891,
   0.024304359672315527
  ],
  "s_x": [
   0.009658868429896732,
   0.041868348530777116
  ],
  "h_days": [
   0.944251675274151,
   13.279780850945485
  ],
  "n_boot": 500,
  "block_days": 250
 },
 "seconds": 351.7
}
2000-07 {"sigma_V": 0.020629455520763965, "s_x": 0.033751485568342586, "h_days": 7.677881053913318, "J": 17.085537985255563, "model_moments": [0.0006222469267719089, 0.949942609757185, 0.9016271972273355, 0.8369106050033835, 0.7446848593500351, 0.7144432341549913, 0.6985775559573639], "rw_share_of_daily_var": 0.6839317539615137} {'sigma_V': [0.019558964516771176, 0.021666881324847485], 's_x': [0.030190289602665003, 0.03740382143604044], 'h_days': [6.4984973556576255, 9.020297856827701], 'n_boot': 500}
2008-12 {"sigma_V": 0.025853448801743343, "s_x": 0.01231904903893562, "h_days": 0.8101495939843592, "J": 38.078300569499675, "model_moments": [0.0008429124243103558, 0.8639833898877383, 0.828967219043031, 0.8109700267665153, 0.7989672803824478, 0.7959665936197658, 0.7944062365031712], "rw_share_of_daily_var": 0.7929659046097329} {'sigma_V': [0.02477175678213832, 0.027029239768829916], 's_x': [0.010529471333801355, 0.013920117006592111], 'h_days': [0.5454171945369221, 1.026032557603308], 'n_boot': 500}
2013-19 {"sigma_V": 0.013902803476266894, "s_x": 0.03224208507562922, "h_days": 16.729314822006646, "J": 3.9030950043449177, "model_moments": [0.00027767144265882925, 0.9763128353137824, 0.9500971319552358, 0.9070174882102634, 0.8105088008321214, 0.7580677031284982, 0.726052686930726], "rw_share_of_daily_var": 0.6961030743367128} {'sigma_V': [0.013122311037307788, 0.014570192633869628], 's_x': [0.02856438767055598, 0.03628021707204734], 'h_days': [13.880812902950334, 20.022241167206346], 'n_boot': 500}
2020-24 {"sigma_V": 0.019320032612995704, "s_x": 0.04970163007212817, "h_days": 13.844320724717736, "J": 94.70038942533647, "model_moments": [0.000614530959522136, 0.963482019618006, 0.9240524254032544, 0.8616905653563061, 0.7347430497826717, 0.6742268862388623, 0.6395537896239515], "rw_share_of_daily_var": 0.6073960132616868} {'sigma_V': [0.01838061287328289, 0.02021346418051199], 's_x': [0.042882546896005735, 0.05778471120736981], 'h_days': [11.003579934324428, 16.9983437792202], 'n_boot': 500}
written C:\Users\ayesha.gull01\FinPersona\docs\env_v2\generated\v2_1\e1_2
