{
 "per_cell": [
  {
   "cell": {
    "nu": 5.5,
    "lam": 0.001,
    "sJ": 0.05
   },
   "n_reps": 5,
   "med_rel_err_nu": 0.024215492896748906,
   "med_rel_err_lam": 0.5176923699627026,
   "med_rel_err_sJ": 0.2773075434787767
  },
  {
   "cell": {
    "nu": 5.5,
    "lam": 0.004,
    "sJ": 0.03
   },
   "n_reps": 5,
   "med_rel_err_nu": 0.01913285634650612,
   "med_rel_err_lam": 0.6739560593234156,
   "med_rel_err_sJ": 0.25263251302461226
  },
  {
   "cell": {
    "nu": 8.0,
    "lam": 0.004,
    "sJ": 0.05
   },
   "n_reps": 5,
   "med_rel_err_nu": 0.017365116894926258,
   "med_rel_err_lam": 0.5876861915806907,
   "med_rel_err_sJ": 0.3341084061859756
  },
  {
   "cell": {
    "nu": 6.0,
    "lam": 0.01,
    "sJ": 0.03
   },
   "n_reps": 5,
   "med_rel_err_nu": 0.04153759374979445,
   "med_rel_err_lam": 0.7226433066084437,
   "med_rel_err_sJ": 0.4180015735200572
  },
  {
   "cell": {
    "nu": 10.0,
    "lam": 0.002,
    "sJ": 0.08
   },
   "n_reps": 5,
   "med_rel_err_nu": 0.14359255546096072,
   "med_rel_err_lam": 0.2937743339119206,
   "med_rel_err_sJ": 0.1055242873523118
  },
  {
   "cell": {
    "nu": 5.0,
    "lam": 0.0,
    "sJ": 0.03
   },
   "n_reps": 5,
   "lam_fitted": [
    0.0021773007782975003,
    0.00899659089421832,
    9.142224196710338e-05,
    4.436032070324143e-05,
    3.27232568253568e-11
   ],
   "lam_ci_includes_0ish": [
    true,
    true,
    true,
    true,
    true
   ]
  }
 ],
 "pooled_median_rel_err": {
  "nu": 0.024215492896748906,
  "lam": 0.5876861915806907,
  "sJ": 0.2773075434787767
 },
 "usable": false
}
