[predict] preparing the audit's frame
  rows 288000  paths 1600  full cols 117  control cols 45
[predict] 10 fits on 4 workers x 2 threads
  full fold 0: 40.5 s (52 s elapsed)
  full fold 1: 40.5 s (52 s elapsed)
  full fold 2: 39.7 s (52 s elapsed)
  full fold 3: 39.9 s (52 s elapsed)
  full fold 4: 31.9 s (83 s elapsed)
  price_only fold 0: 18.1 s (83 s elapsed)
  price_only fold 1: 17.8 s (83 s elapsed)
  price_only fold 2: 17.8 s (83 s elapsed)
  price_only fold 3: 13.2 s (83 s elapsed)
  price_only fold 4: 13.1 s (83 s elapsed)
[predict] -> C:\Users\ayesha.gull01\FinPersona\docs\env_v2\generated\v2_1\e7_1\predictions.parquet (84 s)
feature_set phase_group  n_resolvable  published    refit  abs_diff  n_resolvable_published
       full        calm         43344   0.684893 0.684893       0.0                   43344
       full       event         76675   0.890616 0.890616       0.0                   76675
       full  resolution         51897   0.763859 0.763859       0.0                   51897
       full         all        171916   0.800484 0.800484       0.0                  171916
 price_only        calm         43344   0.645903 0.645903       0.0                   43344
 price_only       event         76675   0.896250 0.896250       0.0                   76675
 price_only  resolution         51897   0.734146 0.734146       0.0                   51897
 price_only         all        171916   0.784197 0.784197       0.0                  171916
[verify] worst |refit - published| = 0.000e+00 -> REPRODUCES
