{
 "point": {
  "window_share_of_days": 0.14520256884467828,
  "q_share_of_jumps_in_window": 0.4344634276561666,
  "enrichment": 2.992119430895935,
  "jump_rate_in_window": 0.013416981653153507,
  "jump_rate_outside": 0.0029666983385228966,
  "rate_ratio": 4.5225298032268935,
  "excess_kurtosis_in": 16.15946705739199,
  "excess_kurtosis_out": 14.982323809447841,
  "r_jump_in_mean": -0.01353629834506554,
  "r_jump_in_sd": 0.10981170460701602,
  "r_jump_in_neg_share": 0.5615975422427035,
  "r_jump_out_mean": -0.018686146034593273,
  "r_jump_out_sd": 0.12111396992458577,
  "r_jump_out_neg_share": 0.6075053103611046,
  "n_jumps": 7492,
  "n_jumps_in": 3255,
  "n_days": 1670790,
  "n_window_days": 242603
 },
 "ci95": {
  "window_share_of_days": [
   0.14345007451564828,
   0.14689162013179397
  ],
  "q_share_of_jumps_in_window": [
   0.411762052496224,
   0.45637001045609116
  ],
  "enrichment": [
   2.8328435347598697,
   3.1448521532757128
  ],
  "jump_rate_in_window": [
   0.012443306546396462,
   0.01433549418543637
  ],
  "jump_rate_outside": [
   0.0028275577860793462,
   0.003110079161849933
  ],
  "rate_ratio": [
   4.11023112836891,
   4.947579614946159
  ],
  "excess_kurtosis_in": [
   14.205651069992538,
   18.218919698238324
  ],
  "excess_kurtosis_out": [
   8.342141596018433,
   24.08810235016443
  ],
  "r_jump_in_mean": [
   -0.017378807980803556,
   -0.009633066217750135
  ],
  "r_jump_in_sd": [
   0.1029865502239226,
   0.11727913816751874
  ],
  "r_jump_in_neg_share": [
   0.5432094254068651,
   0.5786610655005676
  ],
  "r_jump_out_mean": [
   -0.022429411381879105,
   -0.015104593936495613
  ],
  "r_jump_out_sd": [
   0.11511611312560074,
   0.12809980287595624
  ],
  "r_jump_out_neg_share": [
   0.5904699521224385,
   0.6246872881962169
  ]
 }
}
